Command line invocation:
    /Applications/Xcode.app/Contents/Developer/usr/bin/xcodebuild test -project "/Users/tish/Documents/white iverson/Tish88/Loopa.xcodeproj" -scheme Loopa -destination "platform=iOS Simulator,name=iPhone 16 Pro" -resultBundlePath "/Users/tish/Documents/white iverson/Tish88/TestResults.xcresult" "-only-testing:LoopaUITests"

2026-01-09 19:54:31.532 xcodebuild[7419:13512897] warning:  The file reference for ".cursor" is a member of multiple groups ("Tish88" and ""); this indicates a malformed project.  Only the membership in one of the groups will be preserved (but membership in targets will be unaffected).  If you want a reference to the same file in more than one group, please add another reference to the same path.
2026-01-09 19:54:31.532 xcodebuild[7419:13512897] warning:  The file reference for ".git" is a member of multiple groups ("Tish88" and ""); this indicates a malformed project.  Only the membership in one of the groups will be preserved (but membership in targets will be unaffected).  If you want a reference to the same file in more than one group, please add another reference to the same path.
2026-01-09 19:54:31.532 xcodebuild[7419:13512897] warning:  The file reference for ".maestro" is a member of multiple groups ("Tish88" and ""); this indicates a malformed project.  Only the membership in one of the groups will be preserved (but membership in targets will be unaffected).  If you want a reference to the same file in more than one group, please add another reference to the same path.
2026-01-09 19:54:31.532 xcodebuild[7419:13512897] warning:  The file reference for "Audio" is a member of multiple groups ("Tish88" and ""); this indicates a malformed project.  Only the membership in one of the groups will be preserved (but membership in targets will be unaffected).  If you want a reference to the same file in more than one group, please add another reference to the same path.
2026-01-09 19:54:31.532 xcodebuild[7419:13512897] warning:  The file reference for "fastlane" is a member of multiple groups ("Tish88" and ""); this indicates a malformed project.  Only the membership in one of the groups will be preserved (but membership in targets will be unaffected).  If you want a reference to the same file in more than one group, please add another reference to the same path.
2026-01-09 19:54:31.532 xcodebuild[7419:13512897] warning:  The file reference for "Looper" is a member of multiple groups ("Tish88" and ""); this indicates a malformed project.  Only the membership in one of the groups will be preserved (but membership in targets will be unaffected).  If you want a reference to the same file in more than one group, please add another reference to the same path.
2026-01-09 19:54:31.532 xcodebuild[7419:13512897] warning:  The file reference for "Models" is a member of multiple groups ("Tish88" and ""); this indicates a malformed project.  Only the membership in one of the groups will be preserved (but membership in targets will be unaffected).  If you want a reference to the same file in more than one group, please add another reference to the same path.
2026-01-09 19:54:31.532 xcodebuild[7419:13512897] warning:  The file reference for "screenshots" is a member of multiple groups ("Tish88" and ""); this indicates a malformed project.  Only the membership in one of the groups will be preserved (but membership in targets will be unaffected).  If you want a reference to the same file in more than one group, please add another reference to the same path.
2026-01-09 19:54:31.532 xcodebuild[7419:13512897] warning:  The file reference for "UI" is a member of multiple groups ("Tish88" and ""); this indicates a malformed project.  Only the membership in one of the groups will be preserved (but membership in targets will be unaffected).  If you want a reference to the same file in more than one group, please add another reference to the same path.
2026-01-09 19:54:31.532 xcodebuild[7419:13512897] warning:  The file reference for "ViewModels" is a member of multiple groups ("Tish88" and ""); this indicates a malformed project.  Only the membership in one of the groups will be preserved (but membership in targets will be unaffected).  If you want a reference to the same file in more than one group, please add another reference to the same path.
Writing result bundle at path:
	/Users/tish/Documents/white iverson/Tish88/TestResults.xcresult

--- xcodebuild: WARNING: Using the first of multiple matching destinations:
{ platform:iOS Simulator, arch:arm64, id:1BF1F283-CE09-4441-B3A9-A2F2478BE45B, OS:18.6, name:iPhone 16 Pro }
{ platform:iOS Simulator, arch:x86_64, id:1BF1F283-CE09-4441-B3A9-A2F2478BE45B, OS:18.6, name:iPhone 16 Pro }
ComputePackagePrebuildTargetDependencyGraph

Prepare packages

CreateBuildRequest

SendProjectDescription

CreateBuildOperation

ComputeTargetDependencyGraph
note: Building targets in dependency order
note: Target dependency graph (3 targets)
    Target 'LoopaUITests' in project 'Loopa'
        ➜ Explicit dependency on target 'Loopa' in project 'Loopa'
    Target 'LoopaTests' in project 'Loopa'
        ➜ Explicit dependency on target 'Loopa' in project 'Loopa'
    Target 'Loopa' in project 'Loopa' (no dependencies)

GatherProvisioningInputs

CreateBuildDescription

ExecuteExternalTool /Applications/Xcode.app/Contents/Developer/Toolchains/XcodeDefault.xctoolchain/usr/bin/swiftc --version

ExecuteExternalTool /Applications/Xcode.app/Contents/Developer/usr/bin/actool --print-asset-tag-combinations --output-format xml1 /Users/tish/Documents/white iverson/Tish88/Assets.xcassets

ExecuteExternalTool /Applications/Xcode.app/Contents/Developer/Toolchains/XcodeDefault.xctoolchain/usr/bin/clang -v -E -dM -isysroot /Applications/Xcode.app/Contents/Developer/Platforms/iPhoneSimulator.platform/Developer/SDKs/iPhoneSimulator18.5.sdk -x c -c /dev/null

ExecuteExternalTool /Applications/Xcode.app/Contents/Developer/usr/bin/actool --version --output-format xml1

ExecuteExternalTool /Applications/Xcode.app/Contents/Developer/Toolchains/XcodeDefault.xctoolchain/usr/bin/ld -version_details

Build description signature: a24b2359ef1448ff9c8f7a09c64dd561
Build description path: /Users/tish/Library/Developer/Xcode/DerivedData/Loopa-epstgyhlsvtzqpgxmfeevoawmhoa/Build/Intermediates.noindex/XCBuildData/a24b2359ef1448ff9c8f7a09c64dd561.xcbuilddata
ClangStatCache /Applications/Xcode.app/Contents/Developer/Toolchains/XcodeDefault.xctoolchain/usr/bin/clang-stat-cache /Applications/Xcode.app/Contents/Developer/Platforms/iPhoneSimulator.platform/Developer/SDKs/iPhoneSimulator18.5.sdk /Users/tish/Library/Developer/Xcode/DerivedData/SDKStatCaches.noindex/iphonesimulator18.5-22F76-d5fc8ad4295d2ef488fb7d0f804ce0c4.sdkstatcache
    cd /Users/tish/Documents/white\ iverson/Tish88/Loopa.xcodeproj
    /Applications/Xcode.app/Contents/Developer/Toolchains/XcodeDefault.xctoolchain/usr/bin/clang-stat-cache /Applications/Xcode.app/Contents/Developer/Platforms/iPhoneSimulator.platform/Developer/SDKs/iPhoneSimulator18.5.sdk -o /Users/tish/Library/Developer/Xcode/DerivedData/SDKStatCaches.noindex/iphonesimulator18.5-22F76-d5fc8ad4295d2ef488fb7d0f804ce0c4.sdkstatcache

MkDir /Users/tish/Library/Developer/Xcode/DerivedData/Loopa-epstgyhlsvtzqpgxmfeevoawmhoa/Build/Products/Debug-iphonesimulator/Loopa.app/PlugIns/LoopaTests.xctest (in target 'LoopaTests' from project 'Loopa')
    cd /Users/tish/Documents/white\ iverson/Tish88
    /bin/mkdir -p /Users/tish/Library/Developer/Xcode/DerivedData/Loopa-epstgyhlsvtzqpgxmfeevoawmhoa/Build/Products/Debug-iphonesimulator/Loopa.app/PlugIns/LoopaTests.xctest

MkDir /Users/tish/Library/Developer/Xcode/DerivedData/Loopa-epstgyhlsvtzqpgxmfeevoawmhoa/Build/Products/Debug-iphonesimulator/Loopa.app/PlugIns (in target 'Loopa' from project 'Loopa')
    cd /Users/tish/Documents/white\ iverson/Tish88
    /bin/mkdir -p /Users/tish/Library/Developer/Xcode/DerivedData/Loopa-epstgyhlsvtzqpgxmfeevoawmhoa/Build/Products/Debug-iphonesimulator/Loopa.app/PlugIns

MkDir /Users/tish/Library/Developer/Xcode/DerivedData/Loopa-epstgyhlsvtzqpgxmfeevoawmhoa/Build/Products/Debug-iphonesimulator/Loopa.app/Frameworks (in target 'Loopa' from project 'Loopa')
    cd /Users/tish/Documents/white\ iverson/Tish88
    /bin/mkdir -p /Users/tish/Library/Developer/Xcode/DerivedData/Loopa-epstgyhlsvtzqpgxmfeevoawmhoa/Build/Products/Debug-iphonesimulator/Loopa.app/Frameworks

ProcessProductPackaging "" /Users/tish/Library/Developer/Xcode/DerivedData/Loopa-epstgyhlsvtzqpgxmfeevoawmhoa/Build/Intermediates.noindex/Loopa.build/Debug-iphonesimulator/Loopa.build/Loopa.app-Simulated.xcent (in target 'Loopa' from project 'Loopa')
    cd /Users/tish/Documents/white\ iverson/Tish88
    
    Entitlements:
    
    {
    "application-identifier" = "K6J7TWJQK7.com.loopa.app";
}
    
    builtin-productPackagingUtility -entitlements -format xml -o /Users/tish/Library/Developer/Xcode/DerivedData/Loopa-epstgyhlsvtzqpgxmfeevoawmhoa/Build/Intermediates.noindex/Loopa.build/Debug-iphonesimulator/Loopa.build/Loopa.app-Simulated.xcent

ProcessProductPackagingDER /Users/tish/Library/Developer/Xcode/DerivedData/Loopa-epstgyhlsvtzqpgxmfeevoawmhoa/Build/Intermediates.noindex/Loopa.build/Debug-iphonesimulator/Loopa.build/Loopa.app-Simulated.xcent /Users/tish/Library/Developer/Xcode/DerivedData/Loopa-epstgyhlsvtzqpgxmfeevoawmhoa/Build/Intermediates.noindex/Loopa.build/Debug-iphonesimulator/Loopa.build/Loopa.app-Simulated.xcent.der (in target 'Loopa' from project 'Loopa')
    cd /Users/tish/Documents/white\ iverson/Tish88
    /usr/bin/derq query -f xml -i /Users/tish/Library/Developer/Xcode/DerivedData/Loopa-epstgyhlsvtzqpgxmfeevoawmhoa/Build/Intermediates.noindex/Loopa.build/Debug-iphonesimulator/Loopa.build/Loopa.app-Simulated.xcent -o /Users/tish/Library/Developer/Xcode/DerivedData/Loopa-epstgyhlsvtzqpgxmfeevoawmhoa/Build/Intermediates.noindex/Loopa.build/Debug-iphonesimulator/Loopa.build/Loopa.app-Simulated.xcent.der --raw

Copy /Users/tish/Library/Developer/Xcode/DerivedData/Loopa-epstgyhlsvtzqpgxmfeevoawmhoa/Build/Products/Debug-iphonesimulator/Loopa.app/Frameworks/libXCTestSwiftSupport.dylib /Applications/Xcode.app/Contents/Developer/Platforms/iPhoneSimulator.platform/Developer/usr/lib/libXCTestSwiftSupport.dylib (in target 'Loopa' from project 'Loopa')
    cd /Users/tish/Documents/white\ iverson/Tish88
    builtin-copy -exclude .DS_Store -exclude CVS -exclude .svn -exclude .git -exclude .hg -exclude Headers -exclude PrivateHeaders -exclude Modules -exclude \*.tbd -resolve-src-symlinks /Applications/Xcode.app/Contents/Developer/Platforms/iPhoneSimulator.platform/Developer/usr/lib/libXCTestSwiftSupport.dylib /Users/tish/Library/Developer/Xcode/DerivedData/Loopa-epstgyhlsvtzqpgxmfeevoawmhoa/Build/Products/Debug-iphonesimulator/Loopa.app/Frameworks

Copy /Users/tish/Library/Developer/Xcode/DerivedData/Loopa-epstgyhlsvtzqpgxmfeevoawmhoa/Build/Products/Debug-iphonesimulator/Loopa.app/Frameworks/XCUnit.framework /Applications/Xcode.app/Contents/Developer/Platforms/iPhoneSimulator.platform/Developer/Library/PrivateFrameworks/XCUnit.framework (in target 'Loopa' from project 'Loopa')
    cd /Users/tish/Documents/white\ iverson/Tish88
    builtin-copy -exclude .DS_Store -exclude CVS -exclude .svn -exclude .git -exclude .hg -exclude Headers -exclude PrivateHeaders -exclude Modules -exclude \*.tbd -resolve-src-symlinks /Applications/Xcode.app/Contents/Developer/Platforms/iPhoneSimulator.platform/Developer/Library/PrivateFrameworks/XCUnit.framework /Users/tish/Library/Developer/Xcode/DerivedData/Loopa-epstgyhlsvtzqpgxmfeevoawmhoa/Build/Products/Debug-iphonesimulator/Loopa.app/Frameworks

Copy /Users/tish/Library/Developer/Xcode/DerivedData/Loopa-epstgyhlsvtzqpgxmfeevoawmhoa/Build/Products/Debug-iphonesimulator/Loopa.app/Frameworks/libXCTestBundleInject.dylib /Applications/Xcode.app/Contents/Developer/Platforms/iPhoneSimulator.platform/Developer/usr/lib/libXCTestBundleInject.dylib (in target 'Loopa' from project 'Loopa')
    cd /Users/tish/Documents/white\ iverson/Tish88
    builtin-copy -exclude .DS_Store -exclude CVS -exclude .svn -exclude .git -exclude .hg -exclude Headers -exclude PrivateHeaders -exclude Modules -exclude \*.tbd -resolve-src-symlinks /Applications/Xcode.app/Contents/Developer/Platforms/iPhoneSimulator.platform/Developer/usr/lib/libXCTestBundleInject.dylib /Users/tish/Library/Developer/Xcode/DerivedData/Loopa-epstgyhlsvtzqpgxmfeevoawmhoa/Build/Products/Debug-iphonesimulator/Loopa.app/Frameworks

Copy /Users/tish/Library/Developer/Xcode/DerivedData/Loopa-epstgyhlsvtzqpgxmfeevoawmhoa/Build/Products/Debug-iphonesimulator/Loopa.app/Frameworks/XCUIAutomation.framework /Applications/Xcode.app/Contents/Developer/Platforms/iPhoneSimulator.platform/Developer/Library/Frameworks/XCUIAutomation.framework (in target 'Loopa' from project 'Loopa')
    cd /Users/tish/Documents/white\ iverson/Tish88
    builtin-copy -exclude .DS_Store -exclude CVS -exclude .svn -exclude .git -exclude .hg -exclude Headers -exclude PrivateHeaders -exclude Modules -exclude \*.tbd -resolve-src-symlinks /Applications/Xcode.app/Contents/Developer/Platforms/iPhoneSimulator.platform/Developer/Library/Frameworks/XCUIAutomation.framework /Users/tish/Library/Developer/Xcode/DerivedData/Loopa-epstgyhlsvtzqpgxmfeevoawmhoa/Build/Products/Debug-iphonesimulator/Loopa.app/Frameworks

Copy /Users/tish/Library/Developer/Xcode/DerivedData/Loopa-epstgyhlsvtzqpgxmfeevoawmhoa/Build/Products/Debug-iphonesimulator/Loopa.app/Frameworks/XCTestSupport.framework /Applications/Xcode.app/Contents/Developer/Platforms/iPhoneSimulator.platform/Developer/Library/PrivateFrameworks/XCTestSupport.framework (in target 'Loopa' from project 'Loopa')
    cd /Users/tish/Documents/white\ iverson/Tish88
    builtin-copy -exclude .DS_Store -exclude CVS -exclude .svn -exclude .git -exclude .hg -exclude Headers -exclude PrivateHeaders -exclude Modules -exclude \*.tbd -resolve-src-symlinks /Applications/Xcode.app/Contents/Developer/Platforms/iPhoneSimulator.platform/Developer/Library/PrivateFrameworks/XCTestSupport.framework /Users/tish/Library/Developer/Xcode/DerivedData/Loopa-epstgyhlsvtzqpgxmfeevoawmhoa/Build/Products/Debug-iphonesimulator/Loopa.app/Frameworks

Copy /Users/tish/Library/Developer/Xcode/DerivedData/Loopa-epstgyhlsvtzqpgxmfeevoawmhoa/Build/Products/Debug-iphonesimulator/Loopa.app/Frameworks/XCTAutomationSupport.framework /Applications/Xcode.app/Contents/Developer/Platforms/iPhoneSimulator.platform/Developer/Library/PrivateFrameworks/XCTAutomationSupport.framework (in target 'Loopa' from project 'Loopa')
    cd /Users/tish/Documents/white\ iverson/Tish88
    builtin-copy -exclude .DS_Store -exclude CVS -exclude .svn -exclude .git -exclude .hg -exclude Headers -exclude PrivateHeaders -exclude Modules -exclude \*.tbd -resolve-src-symlinks /Applications/Xcode.app/Contents/Developer/Platforms/iPhoneSimulator.platform/Developer/Library/PrivateFrameworks/XCTAutomationSupport.framework /Users/tish/Library/Developer/Xcode/DerivedData/Loopa-epstgyhlsvtzqpgxmfeevoawmhoa/Build/Products/Debug-iphonesimulator/Loopa.app/Frameworks

Copy /Users/tish/Library/Developer/Xcode/DerivedData/Loopa-epstgyhlsvtzqpgxmfeevoawmhoa/Build/Products/Debug-iphonesimulator/Loopa.app/Frameworks/XCTest.framework /Applications/Xcode.app/Contents/Developer/Platforms/iPhoneSimulator.platform/Developer/Library/Frameworks/XCTest.framework (in target 'Loopa' from project 'Loopa')
    cd /Users/tish/Documents/white\ iverson/Tish88
    builtin-copy -exclude .DS_Store -exclude CVS -exclude .svn -exclude .git -exclude .hg -exclude Headers -exclude PrivateHeaders -exclude Modules -exclude \*.tbd -resolve-src-symlinks /Applications/Xcode.app/Contents/Developer/Platforms/iPhoneSimulator.platform/Developer/Library/Frameworks/XCTest.framework /Users/tish/Library/Developer/Xcode/DerivedData/Loopa-epstgyhlsvtzqpgxmfeevoawmhoa/Build/Products/Debug-iphonesimulator/Loopa.app/Frameworks

Copy /Users/tish/Library/Developer/Xcode/DerivedData/Loopa-epstgyhlsvtzqpgxmfeevoawmhoa/Build/Products/Debug-iphonesimulator/Loopa.app/Frameworks/Testing.framework /Applications/Xcode.app/Contents/Developer/Platforms/iPhoneSimulator.platform/Developer/Library/Frameworks/Testing.framework (in target 'Loopa' from project 'Loopa')
    cd /Users/tish/Documents/white\ iverson/Tish88
    builtin-copy -exclude .DS_Store -exclude CVS -exclude .svn -exclude .git -exclude .hg -exclude Headers -exclude PrivateHeaders -exclude Modules -exclude \*.tbd -resolve-src-symlinks /Applications/Xcode.app/Contents/Developer/Platforms/iPhoneSimulator.platform/Developer/Library/Frameworks/Testing.framework /Users/tish/Library/Developer/Xcode/DerivedData/Loopa-epstgyhlsvtzqpgxmfeevoawmhoa/Build/Products/Debug-iphonesimulator/Loopa.app/Frameworks

Copy /Users/tish/Library/Developer/Xcode/DerivedData/Loopa-epstgyhlsvtzqpgxmfeevoawmhoa/Build/Products/Debug-iphonesimulator/Loopa.app/Frameworks/XCTestCore.framework /Applications/Xcode.app/Contents/Developer/Platforms/iPhoneSimulator.platform/Developer/Library/PrivateFrameworks/XCTestCore.framework (in target 'Loopa' from project 'Loopa')
    cd /Users/tish/Documents/white\ iverson/Tish88
    builtin-copy -exclude .DS_Store -exclude CVS -exclude .svn -exclude .git -exclude .hg -exclude Headers -exclude PrivateHeaders -exclude Modules -exclude \*.tbd -resolve-src-symlinks /Applications/Xcode.app/Contents/Developer/Platforms/iPhoneSimulator.platform/Developer/Library/PrivateFrameworks/XCTestCore.framework /Users/tish/Library/Developer/Xcode/DerivedData/Loopa-epstgyhlsvtzqpgxmfeevoawmhoa/Build/Products/Debug-iphonesimulator/Loopa.app/Frameworks

ProcessInfoPlistFile /Users/tish/Library/Developer/Xcode/DerivedData/Loopa-epstgyhlsvtzqpgxmfeevoawmhoa/Build/Products/Debug-iphonesimulator/Loopa.app/Info.plist /Users/tish/Documents/white\ iverson/Tish88/Info.plist (in target 'Loopa' from project 'Loopa')
    cd /Users/tish/Documents/white\ iverson/Tish88
    builtin-infoPlistUtility /Users/tish/Documents/white\ iverson/Tish88/Info.plist -producttype com.apple.product-type.application -genpkginfo /Users/tish/Library/Developer/Xcode/DerivedData/Loopa-epstgyhlsvtzqpgxmfeevoawmhoa/Build/Products/Debug-iphonesimulator/Loopa.app/PkgInfo -expandbuildsettings -format binary -platform iphonesimulator -additionalcontentfile /Users/tish/Library/Developer/Xcode/DerivedData/Loopa-epstgyhlsvtzqpgxmfeevoawmhoa/Build/Intermediates.noindex/Loopa.build/Debug-iphonesimulator/Loopa.build/assetcatalog_generated_info.plist -o /Users/tish/Library/Developer/Xcode/DerivedData/Loopa-epstgyhlsvtzqpgxmfeevoawmhoa/Build/Products/Debug-iphonesimulator/Loopa.app/Info.plist

Ld /Users/tish/Library/Developer/Xcode/DerivedData/Loopa-epstgyhlsvtzqpgxmfeevoawmhoa/Build/Products/Debug-iphonesimulator/Loopa.app/Loopa.debug.dylib normal (in target 'Loopa' from project 'Loopa')
    cd /Users/tish/Documents/white\ iverson/Tish88
    /Applications/Xcode.app/Contents/Developer/Toolchains/XcodeDefault.xctoolchain/usr/bin/clang -Xlinker -reproducible -target arm64-apple-ios17.0-simulator -dynamiclib -isysroot /Applications/Xcode.app/Contents/Developer/Platforms/iPhoneSimulator.platform/Developer/SDKs/iPhoneSimulator18.5.sdk -O0 -L/Users/tish/Library/Developer/Xcode/DerivedData/Loopa-epstgyhlsvtzqpgxmfeevoawmhoa/Build/Intermediates.noindex/EagerLinkingTBDs/Debug-iphonesimulator -L/Users/tish/Library/Developer/Xcode/DerivedData/Loopa-epstgyhlsvtzqpgxmfeevoawmhoa/Build/Products/Debug-iphonesimulator -F/Users/tish/Library/Developer/Xcode/DerivedData/Loopa-epstgyhlsvtzqpgxmfeevoawmhoa/Build/Intermediates.noindex/EagerLinkingTBDs/Debug-iphonesimulator -F/Users/tish/Library/Developer/Xcode/DerivedData/Loopa-epstgyhlsvtzqpgxmfeevoawmhoa/Build/Products/Debug-iphonesimulator -filelist /Users/tish/Library/Developer/Xcode/DerivedData/Loopa-epstgyhlsvtzqpgxmfeevoawmhoa/Build/Intermediates.noindex/Loopa.build/Debug-iphonesimulator/Loopa.build/Objects-normal/arm64/Loopa.LinkFileList -install_name @rpath/Loopa.debug.dylib -Xlinker -rpath -Xlinker @executable_path/Frameworks -dead_strip -Xlinker -object_path_lto -Xlinker /Users/tish/Library/Developer/Xcode/DerivedData/Loopa-epstgyhlsvtzqpgxmfeevoawmhoa/Build/Intermediates.noindex/Loopa.build/Debug-iphonesimulator/Loopa.build/Objects-normal/arm64/Loopa_lto.o -rdynamic -Xlinker -no_deduplicate -Xlinker -objc_abi_version -Xlinker 2 -Xlinker -debug_variant -Xlinker -dependency_info -Xlinker /Users/tish/Library/Developer/Xcode/DerivedData/Loopa-epstgyhlsvtzqpgxmfeevoawmhoa/Build/Intermediates.noindex/Loopa.build/Debug-iphonesimulator/Loopa.build/Objects-normal/arm64/Loopa_dependency_info.dat -fobjc-link-runtime -fprofile-instr-generate -L/Applications/Xcode.app/Contents/Developer/Toolchains/XcodeDefault.xctoolchain/usr/lib/swift/iphonesimulator -L/usr/lib/swift -Xlinker -add_ast_path -Xlinker /Users/tish/Library/Developer/Xcode/DerivedData/Loopa-epstgyhlsvtzqpgxmfeevoawmhoa/Build/Intermediates.noindex/Loopa.build/Debug-iphonesimulator/Loopa.build/Objects-normal/arm64/Loopa.swiftmodule -Xlinker -alias -Xlinker _main -Xlinker ___debug_main_executable_dylib_entry_point -Xlinker -no_adhoc_codesign -o /Users/tish/Library/Developer/Xcode/DerivedData/Loopa-epstgyhlsvtzqpgxmfeevoawmhoa/Build/Products/Debug-iphonesimulator/Loopa.app/Loopa.debug.dylib

SwiftDriver LoopaTests normal arm64 com.apple.xcode.tools.swift.compiler (in target 'LoopaTests' from project 'Loopa')
    cd /Users/tish/Documents/white\ iverson/Tish88
    builtin-SwiftDriver -- /Applications/Xcode.app/Contents/Developer/Toolchains/XcodeDefault.xctoolchain/usr/bin/swiftc -module-name LoopaTests -Onone -enforce-exclusivity\=checked @/Users/tish/Library/Developer/Xcode/DerivedData/Loopa-epstgyhlsvtzqpgxmfeevoawmhoa/Build/Intermediates.noindex/Loopa.build/Debug-iphonesimulator/LoopaTests.build/Objects-normal/arm64/LoopaTests.SwiftFileList -DDEBUG -plugin-path /Applications/Xcode.app/Contents/Developer/Toolchains/XcodeDefault.xctoolchain/usr/lib/swift/host/plugins/testing -enable-bare-slash-regex -enable-experimental-feature DebugDescriptionMacro -sdk /Applications/Xcode.app/Contents/Developer/Platforms/iPhoneSimulator.platform/Developer/SDKs/iPhoneSimulator18.5.sdk -target arm64-apple-ios17.0-simulator -g -module-cache-path /Users/tish/Library/Developer/Xcode/DerivedData/ModuleCache.noindex -Xfrontend -serialize-debugging-options -profile-coverage-mapping -profile-generate -enable-testing -index-store-path /Users/tish/Library/Developer/Xcode/DerivedData/Loopa-epstgyhlsvtzqpgxmfeevoawmhoa/Index.noindex/DataStore -swift-version 5 -I /Users/tish/Library/Developer/Xcode/DerivedData/Loopa-epstgyhlsvtzqpgxmfeevoawmhoa/Build/Products/Debug-iphonesimulator -I /Applications/Xcode.app/Contents/Developer/Platforms/iPhoneSimulator.platform/Developer/usr/lib -F /Users/tish/Library/Developer/Xcode/DerivedData/Loopa-epstgyhlsvtzqpgxmfeevoawmhoa/Build/Products/Debug-iphonesimulator -F /Applications/Xcode.app/Contents/Developer/Platforms/iPhoneSimulator.platform/Developer/Library/Frameworks -F /Applications/Xcode.app/Contents/Developer/Platforms/iPhoneSimulator.platform/Developer/SDKs/iPhoneSimulator18.5.sdk/Developer/Library/Frameworks -c -j10 -enable-batch-mode -incremental -Xcc -ivfsstatcache -Xcc /Users/tish/Library/Developer/Xcode/DerivedData/SDKStatCaches.noindex/iphonesimulator18.5-22F76-d5fc8ad4295d2ef488fb7d0f804ce0c4.sdkstatcache -output-file-map /Users/tish/Library/Developer/Xcode/DerivedData/Loopa-epstgyhlsvtzqpgxmfeevoawmhoa/Build/Intermediates.noindex/Loopa.build/Debug-iphonesimulator/LoopaTests.build/Objects-normal/arm64/LoopaTests-OutputFileMap.json -use-frontend-parseable-output -save-temps -no-color-diagnostics -serialize-diagnostics -emit-dependencies -emit-module -emit-module-path /Users/tish/Library/Developer/Xcode/DerivedData/Loopa-epstgyhlsvtzqpgxmfeevoawmhoa/Build/Intermediates.noindex/Loopa.build/Debug-iphonesimulator/LoopaTests.build/Objects-normal/arm64/LoopaTests.swiftmodule -validate-clang-modules-once -clang-build-session-file /Users/tish/Library/Developer/Xcode/DerivedData/ModuleCache.noindex/Session.modulevalidation -Xcc -I/Users/tish/Library/Developer/Xcode/DerivedData/Loopa-epstgyhlsvtzqpgxmfeevoawmhoa/Build/Intermediates.noindex/Loopa.build/Debug-iphonesimulator/LoopaTests.build/swift-overrides.hmap -emit-const-values -Xfrontend -const-gather-protocols-file -Xfrontend /Users/tish/Library/Developer/Xcode/DerivedData/Loopa-epstgyhlsvtzqpgxmfeevoawmhoa/Build/Intermediates.noindex/Loopa.build/Debug-iphonesimulator/LoopaTests.build/Objects-normal/arm64/LoopaTests_const_extract_protocols.json -Xcc -iquote -Xcc /Users/tish/Library/Developer/Xcode/DerivedData/Loopa-epstgyhlsvtzqpgxmfeevoawmhoa/Build/Intermediates.noindex/Loopa.build/Debug-iphonesimulator/LoopaTests.build/LoopaTests-generated-files.hmap -Xcc -I/Users/tish/Library/Developer/Xcode/DerivedData/Loopa-epstgyhlsvtzqpgxmfeevoawmhoa/Build/Intermediates.noindex/Loopa.build/Debug-iphonesimulator/LoopaTests.build/LoopaTests-own-target-headers.hmap -Xcc -I/Users/tish/Library/Developer/Xcode/DerivedData/Loopa-epstgyhlsvtzqpgxmfeevoawmhoa/Build/Intermediates.noindex/Loopa.build/Debug-iphonesimulator/LoopaTests.build/LoopaTests-all-target-headers.hmap -Xcc -iquote -Xcc /Users/tish/Library/Developer/Xcode/DerivedData/Loopa-epstgyhlsvtzqpgxmfeevoawmhoa/Build/Intermediates.noindex/Loopa.build/Debug-iphonesimulator/LoopaTests.build/LoopaTests-project-headers.hmap -Xcc -I/Users/tish/Library/Developer/Xcode/DerivedData/Loopa-epstgyhlsvtzqpgxmfeevoawmhoa/Build/Products/Debug-iphonesimulator/include -Xcc -I/Users/tish/Library/Developer/Xcode/DerivedData/Loopa-epstgyhlsvtzqpgxmfeevoawmhoa/Build/Intermediates.noindex/Loopa.build/Debug-iphonesimulator/LoopaTests.build/DerivedSources-normal/arm64 -Xcc -I/Users/tish/Library/Developer/Xcode/DerivedData/Loopa-epstgyhlsvtzqpgxmfeevoawmhoa/Build/Intermediates.noindex/Loopa.build/Debug-iphonesimulator/LoopaTests.build/DerivedSources/arm64 -Xcc -I/Users/tish/Library/Developer/Xcode/DerivedData/Loopa-epstgyhlsvtzqpgxmfeevoawmhoa/Build/Intermediates.noindex/Loopa.build/Debug-iphonesimulator/LoopaTests.build/DerivedSources -Xcc -DDEBUG\=1 -emit-objc-header -emit-objc-header-path /Users/tish/Library/Developer/Xcode/DerivedData/Loopa-epstgyhlsvtzqpgxmfeevoawmhoa/Build/Intermediates.noindex/Loopa.build/Debug-iphonesimulator/LoopaTests.build/Objects-normal/arm64/LoopaTests-Swift.h -working-directory /Users/tish/Documents/white\ iverson/Tish88 -experimental-emit-module-separately -disable-cmo

SwiftCompile normal arm64 Compiling\ WorkingSessionTests.swift /Users/tish/Documents/white\ iverson/Tish88/Tests/WorkingSessionTests.swift (in target 'LoopaTests' from project 'Loopa')
SwiftCompile normal arm64 /Users/tish/Documents/white\ iverson/Tish88/Tests/WorkingSessionTests.swift (in target 'LoopaTests' from project 'Loopa')
    cd /Users/tish/Documents/white\ iverson/Tish88
    

SwiftEmitModule normal arm64 Emitting\ module\ for\ LoopaTests (in target 'LoopaTests' from project 'Loopa')

EmitSwiftModule normal arm64 (in target 'LoopaTests' from project 'Loopa')
    cd /Users/tish/Documents/white\ iverson/Tish88
    

ConstructStubExecutorLinkFileList /Users/tish/Library/Developer/Xcode/DerivedData/Loopa-epstgyhlsvtzqpgxmfeevoawmhoa/Build/Intermediates.noindex/Loopa.build/Debug-iphonesimulator/Loopa.build/Loopa-ExecutorLinkFileList-normal-arm64.txt (in target 'Loopa' from project 'Loopa')
    cd /Users/tish/Documents/white\ iverson/Tish88
    construct-stub-executor-link-file-list /Users/tish/Library/Developer/Xcode/DerivedData/Loopa-epstgyhlsvtzqpgxmfeevoawmhoa/Build/Products/Debug-iphonesimulator/Loopa.app/Loopa.debug.dylib /Applications/Xcode.app/Contents/Developer/Platforms/iPhoneSimulator.platform/Developer/usr/lib/libPreviewsJITStubExecutor_no_swift_entry_point.a /Applications/Xcode.app/Contents/Developer/Platforms/iPhoneSimulator.platform/Developer/usr/lib/libPreviewsJITStubExecutor.a --output /Users/tish/Library/Developer/Xcode/DerivedData/Loopa-epstgyhlsvtzqpgxmfeevoawmhoa/Build/Intermediates.noindex/Loopa.build/Debug-iphonesimulator/Loopa.build/Loopa-ExecutorLinkFileList-normal-arm64.txt
note: Using stub executor library with Swift entry point. (in target 'Loopa' from project 'Loopa')

Ld /Users/tish/Library/Developer/Xcode/DerivedData/Loopa-epstgyhlsvtzqpgxmfeevoawmhoa/Build/Products/Debug-iphonesimulator/Loopa.app/Loopa normal (in target 'Loopa' from project 'Loopa')
    cd /Users/tish/Documents/white\ iverson/Tish88
    /Applications/Xcode.app/Contents/Developer/Toolchains/XcodeDefault.xctoolchain/usr/bin/clang -Xlinker -reproducible -target arm64-apple-ios17.0-simulator -isysroot /Applications/Xcode.app/Contents/Developer/Platforms/iPhoneSimulator.platform/Developer/SDKs/iPhoneSimulator18.5.sdk -O0 -L/Users/tish/Library/Developer/Xcode/DerivedData/Loopa-epstgyhlsvtzqpgxmfeevoawmhoa/Build/Products/Debug-iphonesimulator -F/Users/tish/Library/Developer/Xcode/DerivedData/Loopa-epstgyhlsvtzqpgxmfeevoawmhoa/Build/Products/Debug-iphonesimulator -Xlinker -rpath -Xlinker @executable_path -Xlinker -rpath -Xlinker @executable_path/Frameworks -rdynamic -Xlinker -no_deduplicate -Xlinker -objc_abi_version -Xlinker 2 -Xlinker -debug_variant -e ___debug_blank_executor_main -Xlinker -sectcreate -Xlinker __TEXT -Xlinker __debug_dylib -Xlinker /Users/tish/Library/Developer/Xcode/DerivedData/Loopa-epstgyhlsvtzqpgxmfeevoawmhoa/Build/Intermediates.noindex/Loopa.build/Debug-iphonesimulator/Loopa.build/Loopa-DebugDylibPath-normal-arm64.txt -Xlinker -sectcreate -Xlinker __TEXT -Xlinker __debug_instlnm -Xlinker /Users/tish/Library/Developer/Xcode/DerivedData/Loopa-epstgyhlsvtzqpgxmfeevoawmhoa/Build/Intermediates.noindex/Loopa.build/Debug-iphonesimulator/Loopa.build/Loopa-DebugDylibInstallName-normal-arm64.txt -Xlinker -filelist -Xlinker /Users/tish/Library/Developer/Xcode/DerivedData/Loopa-epstgyhlsvtzqpgxmfeevoawmhoa/Build/Intermediates.noindex/Loopa.build/Debug-iphonesimulator/Loopa.build/Loopa-ExecutorLinkFileList-normal-arm64.txt -Xlinker -sectcreate -Xlinker __TEXT -Xlinker __entitlements -Xlinker /Users/tish/Library/Developer/Xcode/DerivedData/Loopa-epstgyhlsvtzqpgxmfeevoawmhoa/Build/Intermediates.noindex/Loopa.build/Debug-iphonesimulator/Loopa.build/Loopa.app-Simulated.xcent -Xlinker -sectcreate -Xlinker __TEXT -Xlinker __ents_der -Xlinker /Users/tish/Library/Developer/Xcode/DerivedData/Loopa-epstgyhlsvtzqpgxmfeevoawmhoa/Build/Intermediates.noindex/Loopa.build/Debug-iphonesimulator/Loopa.build/Loopa.app-Simulated.xcent.der /Users/tish/Library/Developer/Xcode/DerivedData/Loopa-epstgyhlsvtzqpgxmfeevoawmhoa/Build/Products/Debug-iphonesimulator/Loopa.app/Loopa.debug.dylib -Xlinker -no_adhoc_codesign -o /Users/tish/Library/Developer/Xcode/DerivedData/Loopa-epstgyhlsvtzqpgxmfeevoawmhoa/Build/Products/Debug-iphonesimulator/Loopa.app/Loopa

CopySwiftLibs /Users/tish/Library/Developer/Xcode/DerivedData/Loopa-epstgyhlsvtzqpgxmfeevoawmhoa/Build/Products/Debug-iphonesimulator/Loopa.app (in target 'Loopa' from project 'Loopa')
    cd /Users/tish/Documents/white\ iverson/Tish88
    builtin-swiftStdLibTool --copy --verbose --sign - --scan-executable /Users/tish/Library/Developer/Xcode/DerivedData/Loopa-epstgyhlsvtzqpgxmfeevoawmhoa/Build/Products/Debug-iphonesimulator/Loopa.app/Loopa.debug.dylib --scan-folder /Users/tish/Library/Developer/Xcode/DerivedData/Loopa-epstgyhlsvtzqpgxmfeevoawmhoa/Build/Products/Debug-iphonesimulator/Loopa.app/Frameworks --scan-folder /Users/tish/Library/Developer/Xcode/DerivedData/Loopa-epstgyhlsvtzqpgxmfeevoawmhoa/Build/Products/Debug-iphonesimulator/Loopa.app/PlugIns --scan-folder /Users/tish/Library/Developer/Xcode/DerivedData/Loopa-epstgyhlsvtzqpgxmfeevoawmhoa/Build/Products/Debug-iphonesimulator/Loopa.app/SystemExtensions --scan-folder /Users/tish/Library/Developer/Xcode/DerivedData/Loopa-epstgyhlsvtzqpgxmfeevoawmhoa/Build/Products/Debug-iphonesimulator/Loopa.app/Extensions --platform iphonesimulator --toolchain /Applications/Xcode.app/Contents/Developer/Toolchains/XcodeDefault.xctoolchain --destination /Users/tish/Library/Developer/Xcode/DerivedData/Loopa-epstgyhlsvtzqpgxmfeevoawmhoa/Build/Products/Debug-iphonesimulator/Loopa.app/Frameworks --strip-bitcode --strip-bitcode-tool /Applications/Xcode.app/Contents/Developer/Toolchains/XcodeDefault.xctoolchain/usr/bin/bitcode_strip --emit-dependency-info /Users/tish/Library/Developer/Xcode/DerivedData/Loopa-epstgyhlsvtzqpgxmfeevoawmhoa/Build/Intermediates.noindex/Loopa.build/Debug-iphonesimulator/Loopa.build/SwiftStdLibToolInputDependencies.dep --filter-for-swift-os

ExtractAppIntentsMetadata (in target 'Loopa' from project 'Loopa')
    cd /Users/tish/Documents/white\ iverson/Tish88
    /Applications/Xcode.app/Contents/Developer/Toolchains/XcodeDefault.xctoolchain/usr/bin/appintentsmetadataprocessor --toolchain-dir /Applications/Xcode.app/Contents/Developer/Toolchains/XcodeDefault.xctoolchain --module-name Loopa --sdk-root /Applications/Xcode.app/Contents/Developer/Platforms/iPhoneSimulator.platform/Developer/SDKs/iPhoneSimulator18.5.sdk --xcode-version 16F6 --platform-family iOS --deployment-target 17.0 --bundle-identifier com.loopa.app --output /Users/tish/Library/Developer/Xcode/DerivedData/Loopa-epstgyhlsvtzqpgxmfeevoawmhoa/Build/Products/Debug-iphonesimulator/Loopa.app --target-triple arm64-apple-ios17.0-simulator --binary-file /Users/tish/Library/Developer/Xcode/DerivedData/Loopa-epstgyhlsvtzqpgxmfeevoawmhoa/Build/Products/Debug-iphonesimulator/Loopa.app/Loopa --dependency-file /Users/tish/Library/Developer/Xcode/DerivedData/Loopa-epstgyhlsvtzqpgxmfeevoawmhoa/Build/Intermediates.noindex/Loopa.build/Debug-iphonesimulator/Loopa.build/Objects-normal/arm64/Loopa_dependency_info.dat --stringsdata-file /Users/tish/Library/Developer/Xcode/DerivedData/Loopa-epstgyhlsvtzqpgxmfeevoawmhoa/Build/Intermediates.noindex/Loopa.build/Debug-iphonesimulator/Loopa.build/Objects-normal/arm64/ExtractedAppShortcutsMetadata.stringsdata --source-file-list /Users/tish/Library/Developer/Xcode/DerivedData/Loopa-epstgyhlsvtzqpgxmfeevoawmhoa/Build/Intermediates.noindex/Loopa.build/Debug-iphonesimulator/Loopa.build/Objects-normal/arm64/Loopa.SwiftFileList --metadata-file-list /Users/tish/Library/Developer/Xcode/DerivedData/Loopa-epstgyhlsvtzqpgxmfeevoawmhoa/Build/Intermediates.noindex/Loopa.build/Debug-iphonesimulator/Loopa.build/Loopa.DependencyMetadataFileList --static-metadata-file-list /Users/tish/Library/Developer/Xcode/DerivedData/Loopa-epstgyhlsvtzqpgxmfeevoawmhoa/Build/Intermediates.noindex/Loopa.build/Debug-iphonesimulator/Loopa.build/Loopa.DependencyStaticMetadataFileList --swift-const-vals-list /Users/tish/Library/Developer/Xcode/DerivedData/Loopa-epstgyhlsvtzqpgxmfeevoawmhoa/Build/Intermediates.noindex/Loopa.build/Debug-iphonesimulator/Loopa.build/Objects-normal/arm64/Loopa.SwiftConstValuesFileList --compile-time-extraction --deployment-aware-processing --validate-assistant-intents --no-app-shortcuts-localization
2026-01-09 19:54:34.201 appintentsmetadataprocessor[7475:13513112] Starting appintentsmetadataprocessor export
2026-01-09 19:54:34.202 appintentsmetadataprocessor[7475:13513112] warning: Metadata extraction skipped. No AppIntents.framework dependency found.

ProcessInfoPlistFile /Users/tish/Library/Developer/Xcode/DerivedData/Loopa-epstgyhlsvtzqpgxmfeevoawmhoa/Build/Products/Debug-iphonesimulator/Loopa.app/PlugIns/LoopaTests.xctest/Info.plist /Users/tish/Library/Developer/Xcode/DerivedData/Loopa-epstgyhlsvtzqpgxmfeevoawmhoa/Build/Intermediates.noindex/Loopa.build/Debug-iphonesimulator/LoopaTests.build/empty-LoopaTests.plist (in target 'LoopaTests' from project 'Loopa')
    cd /Users/tish/Documents/white\ iverson/Tish88
    builtin-infoPlistUtility /Users/tish/Library/Developer/Xcode/DerivedData/Loopa-epstgyhlsvtzqpgxmfeevoawmhoa/Build/Intermediates.noindex/Loopa.build/Debug-iphonesimulator/LoopaTests.build/empty-LoopaTests.plist -producttype com.apple.product-type.bundle.unit-test -expandbuildsettings -format binary -platform iphonesimulator -o /Users/tish/Library/Developer/Xcode/DerivedData/Loopa-epstgyhlsvtzqpgxmfeevoawmhoa/Build/Products/Debug-iphonesimulator/Loopa.app/PlugIns/LoopaTests.xctest/Info.plist

SwiftDriverJobDiscovery normal arm64 Emitting module for LoopaTests (in target 'LoopaTests' from project 'Loopa')

SwiftDriver\ Compilation\ Requirements LoopaTests normal arm64 com.apple.xcode.tools.swift.compiler (in target 'LoopaTests' from project 'Loopa')
    cd /Users/tish/Documents/white\ iverson/Tish88
    builtin-Swift-Compilation-Requirements -- /Applications/Xcode.app/Contents/Developer/Toolchains/XcodeDefault.xctoolchain/usr/bin/swiftc -module-name LoopaTests -Onone -enforce-exclusivity\=checked @/Users/tish/Library/Developer/Xcode/DerivedData/Loopa-epstgyhlsvtzqpgxmfeevoawmhoa/Build/Intermediates.noindex/Loopa.build/Debug-iphonesimulator/LoopaTests.build/Objects-normal/arm64/LoopaTests.SwiftFileList -DDEBUG -plugin-path /Applications/Xcode.app/Contents/Developer/Toolchains/XcodeDefault.xctoolchain/usr/lib/swift/host/plugins/testing -enable-bare-slash-regex -enable-experimental-feature DebugDescriptionMacro -sdk /Applications/Xcode.app/Contents/Developer/Platforms/iPhoneSimulator.platform/Developer/SDKs/iPhoneSimulator18.5.sdk -target arm64-apple-ios17.0-simulator -g -module-cache-path /Users/tish/Library/Developer/Xcode/DerivedData/ModuleCache.noindex -Xfrontend -serialize-debugging-options -profile-coverage-mapping -profile-generate -enable-testing -index-store-path /Users/tish/Library/Developer/Xcode/DerivedData/Loopa-epstgyhlsvtzqpgxmfeevoawmhoa/Index.noindex/DataStore -swift-version 5 -I /Users/tish/Library/Developer/Xcode/DerivedData/Loopa-epstgyhlsvtzqpgxmfeevoawmhoa/Build/Products/Debug-iphonesimulator -I /Applications/Xcode.app/Contents/Developer/Platforms/iPhoneSimulator.platform/Developer/usr/lib -F /Users/tish/Library/Developer/Xcode/DerivedData/Loopa-epstgyhlsvtzqpgxmfeevoawmhoa/Build/Products/Debug-iphonesimulator -F /Applications/Xcode.app/Contents/Developer/Platforms/iPhoneSimulator.platform/Developer/Library/Frameworks -F /Applications/Xcode.app/Contents/Developer/Platforms/iPhoneSimulator.platform/Developer/SDKs/iPhoneSimulator18.5.sdk/Developer/Library/Frameworks -c -j10 -enable-batch-mode -incremental -Xcc -ivfsstatcache -Xcc /Users/tish/Library/Developer/Xcode/DerivedData/SDKStatCaches.noindex/iphonesimulator18.5-22F76-d5fc8ad4295d2ef488fb7d0f804ce0c4.sdkstatcache -output-file-map /Users/tish/Library/Developer/Xcode/DerivedData/Loopa-epstgyhlsvtzqpgxmfeevoawmhoa/Build/Intermediates.noindex/Loopa.build/Debug-iphonesimulator/LoopaTests.build/Objects-normal/arm64/LoopaTests-OutputFileMap.json -use-frontend-parseable-output -save-temps -no-color-diagnostics -serialize-diagnostics -emit-dependencies -emit-module -emit-module-path /Users/tish/Library/Developer/Xcode/DerivedData/Loopa-epstgyhlsvtzqpgxmfeevoawmhoa/Build/Intermediates.noindex/Loopa.build/Debug-iphonesimulator/LoopaTests.build/Objects-normal/arm64/LoopaTests.swiftmodule -validate-clang-modules-once -clang-build-session-file /Users/tish/Library/Developer/Xcode/DerivedData/ModuleCache.noindex/Session.modulevalidation -Xcc -I/Users/tish/Library/Developer/Xcode/DerivedData/Loopa-epstgyhlsvtzqpgxmfeevoawmhoa/Build/Intermediates.noindex/Loopa.build/Debug-iphonesimulator/LoopaTests.build/swift-overrides.hmap -emit-const-values -Xfrontend -const-gather-protocols-file -Xfrontend /Users/tish/Library/Developer/Xcode/DerivedData/Loopa-epstgyhlsvtzqpgxmfeevoawmhoa/Build/Intermediates.noindex/Loopa.build/Debug-iphonesimulator/LoopaTests.build/Objects-normal/arm64/LoopaTests_const_extract_protocols.json -Xcc -iquote -Xcc /Users/tish/Library/Developer/Xcode/DerivedData/Loopa-epstgyhlsvtzqpgxmfeevoawmhoa/Build/Intermediates.noindex/Loopa.build/Debug-iphonesimulator/LoopaTests.build/LoopaTests-generated-files.hmap -Xcc -I/Users/tish/Library/Developer/Xcode/DerivedData/Loopa-epstgyhlsvtzqpgxmfeevoawmhoa/Build/Intermediates.noindex/Loopa.build/Debug-iphonesimulator/LoopaTests.build/LoopaTests-own-target-headers.hmap -Xcc -I/Users/tish/Library/Developer/Xcode/DerivedData/Loopa-epstgyhlsvtzqpgxmfeevoawmhoa/Build/Intermediates.noindex/Loopa.build/Debug-iphonesimulator/LoopaTests.build/LoopaTests-all-target-headers.hmap -Xcc -iquote -Xcc /Users/tish/Library/Developer/Xcode/DerivedData/Loopa-epstgyhlsvtzqpgxmfeevoawmhoa/Build/Intermediates.noindex/Loopa.build/Debug-iphonesimulator/LoopaTests.build/LoopaTests-project-headers.hmap -Xcc -I/Users/tish/Library/Developer/Xcode/DerivedData/Loopa-epstgyhlsvtzqpgxmfeevoawmhoa/Build/Products/Debug-iphonesimulator/include -Xcc -I/Users/tish/Library/Developer/Xcode/DerivedData/Loopa-epstgyhlsvtzqpgxmfeevoawmhoa/Build/Intermediates.noindex/Loopa.build/Debug-iphonesimulator/LoopaTests.build/DerivedSources-normal/arm64 -Xcc -I/Users/tish/Library/Developer/Xcode/DerivedData/Loopa-epstgyhlsvtzqpgxmfeevoawmhoa/Build/Intermediates.noindex/Loopa.build/Debug-iphonesimulator/LoopaTests.build/DerivedSources/arm64 -Xcc -I/Users/tish/Library/Developer/Xcode/DerivedData/Loopa-epstgyhlsvtzqpgxmfeevoawmhoa/Build/Intermediates.noindex/Loopa.build/Debug-iphonesimulator/LoopaTests.build/DerivedSources -Xcc -DDEBUG\=1 -emit-objc-header -emit-objc-header-path /Users/tish/Library/Developer/Xcode/DerivedData/Loopa-epstgyhlsvtzqpgxmfeevoawmhoa/Build/Intermediates.noindex/Loopa.build/Debug-iphonesimulator/LoopaTests.build/Objects-normal/arm64/LoopaTests-Swift.h -working-directory /Users/tish/Documents/white\ iverson/Tish88 -experimental-emit-module-separately -disable-cmo

Copy /Users/tish/Library/Developer/Xcode/DerivedData/Loopa-epstgyhlsvtzqpgxmfeevoawmhoa/Build/Products/Debug-iphonesimulator/LoopaTests.swiftmodule/Project/arm64-apple-ios-simulator.swiftsourceinfo /Users/tish/Library/Developer/Xcode/DerivedData/Loopa-epstgyhlsvtzqpgxmfeevoawmhoa/Build/Intermediates.noindex/Loopa.build/Debug-iphonesimulator/LoopaTests.build/Objects-normal/arm64/LoopaTests.swiftsourceinfo (in target 'LoopaTests' from project 'Loopa')
    cd /Users/tish/Documents/white\ iverson/Tish88
    builtin-copy -exclude .DS_Store -exclude CVS -exclude .svn -exclude .git -exclude .hg -resolve-src-symlinks -rename /Users/tish/Library/Developer/Xcode/DerivedData/Loopa-epstgyhlsvtzqpgxmfeevoawmhoa/Build/Intermediates.noindex/Loopa.build/Debug-iphonesimulator/LoopaTests.build/Objects-normal/arm64/LoopaTests.swiftsourceinfo /Users/tish/Library/Developer/Xcode/DerivedData/Loopa-epstgyhlsvtzqpgxmfeevoawmhoa/Build/Products/Debug-iphonesimulator/LoopaTests.swiftmodule/Project/arm64-apple-ios-simulator.swiftsourceinfo

Copy /Users/tish/Library/Developer/Xcode/DerivedData/Loopa-epstgyhlsvtzqpgxmfeevoawmhoa/Build/Products/Debug-iphonesimulator/LoopaTests.swiftmodule/arm64-apple-ios-simulator.abi.json /Users/tish/Library/Developer/Xcode/DerivedData/Loopa-epstgyhlsvtzqpgxmfeevoawmhoa/Build/Intermediates.noindex/Loopa.build/Debug-iphonesimulator/LoopaTests.build/Objects-normal/arm64/LoopaTests.abi.json (in target 'LoopaTests' from project 'Loopa')
    cd /Users/tish/Documents/white\ iverson/Tish88
    builtin-copy -exclude .DS_Store -exclude CVS -exclude .svn -exclude .git -exclude .hg -resolve-src-symlinks -rename /Users/tish/Library/Developer/Xcode/DerivedData/Loopa-epstgyhlsvtzqpgxmfeevoawmhoa/Build/Intermediates.noindex/Loopa.build/Debug-iphonesimulator/LoopaTests.build/Objects-normal/arm64/LoopaTests.abi.json /Users/tish/Library/Developer/Xcode/DerivedData/Loopa-epstgyhlsvtzqpgxmfeevoawmhoa/Build/Products/Debug-iphonesimulator/LoopaTests.swiftmodule/arm64-apple-ios-simulator.abi.json

SwiftDriverJobDiscovery normal arm64 Compiling WorkingSessionTests.swift (in target 'LoopaTests' from project 'Loopa')

SwiftDriver\ Compilation LoopaTests normal arm64 com.apple.xcode.tools.swift.compiler (in target 'LoopaTests' from project 'Loopa')
    cd /Users/tish/Documents/white\ iverson/Tish88
    builtin-Swift-Compilation -- /Applications/Xcode.app/Contents/Developer/Toolchains/XcodeDefault.xctoolchain/usr/bin/swiftc -module-name LoopaTests -Onone -enforce-exclusivity\=checked @/Users/tish/Library/Developer/Xcode/DerivedData/Loopa-epstgyhlsvtzqpgxmfeevoawmhoa/Build/Intermediates.noindex/Loopa.build/Debug-iphonesimulator/LoopaTests.build/Objects-normal/arm64/LoopaTests.SwiftFileList -DDEBUG -plugin-path /Applications/Xcode.app/Contents/Developer/Toolchains/XcodeDefault.xctoolchain/usr/lib/swift/host/plugins/testing -enable-bare-slash-regex -enable-experimental-feature DebugDescriptionMacro -sdk /Applications/Xcode.app/Contents/Developer/Platforms/iPhoneSimulator.platform/Developer/SDKs/iPhoneSimulator18.5.sdk -target arm64-apple-ios17.0-simulator -g -module-cache-path /Users/tish/Library/Developer/Xcode/DerivedData/ModuleCache.noindex -Xfrontend -serialize-debugging-options -profile-coverage-mapping -profile-generate -enable-testing -index-store-path /Users/tish/Library/Developer/Xcode/DerivedData/Loopa-epstgyhlsvtzqpgxmfeevoawmhoa/Index.noindex/DataStore -swift-version 5 -I /Users/tish/Library/Developer/Xcode/DerivedData/Loopa-epstgyhlsvtzqpgxmfeevoawmhoa/Build/Products/Debug-iphonesimulator -I /Applications/Xcode.app/Contents/Developer/Platforms/iPhoneSimulator.platform/Developer/usr/lib -F /Users/tish/Library/Developer/Xcode/DerivedData/Loopa-epstgyhlsvtzqpgxmfeevoawmhoa/Build/Products/Debug-iphonesimulator -F /Applications/Xcode.app/Contents/Developer/Platforms/iPhoneSimulator.platform/Developer/Library/Frameworks -F /Applications/Xcode.app/Contents/Developer/Platforms/iPhoneSimulator.platform/Developer/SDKs/iPhoneSimulator18.5.sdk/Developer/Library/Frameworks -c -j10 -enable-batch-mode -incremental -Xcc -ivfsstatcache -Xcc /Users/tish/Library/Developer/Xcode/DerivedData/SDKStatCaches.noindex/iphonesimulator18.5-22F76-d5fc8ad4295d2ef488fb7d0f804ce0c4.sdkstatcache -output-file-map /Users/tish/Library/Developer/Xcode/DerivedData/Loopa-epstgyhlsvtzqpgxmfeevoawmhoa/Build/Intermediates.noindex/Loopa.build/Debug-iphonesimulator/LoopaTests.build/Objects-normal/arm64/LoopaTests-OutputFileMap.json -use-frontend-parseable-output -save-temps -no-color-diagnostics -serialize-diagnostics -emit-dependencies -emit-module -emit-module-path /Users/tish/Library/Developer/Xcode/DerivedData/Loopa-epstgyhlsvtzqpgxmfeevoawmhoa/Build/Intermediates.noindex/Loopa.build/Debug-iphonesimulator/LoopaTests.build/Objects-normal/arm64/LoopaTests.swiftmodule -validate-clang-modules-once -clang-build-session-file /Users/tish/Library/Developer/Xcode/DerivedData/ModuleCache.noindex/Session.modulevalidation -Xcc -I/Users/tish/Library/Developer/Xcode/DerivedData/Loopa-epstgyhlsvtzqpgxmfeevoawmhoa/Build/Intermediates.noindex/Loopa.build/Debug-iphonesimulator/LoopaTests.build/swift-overrides.hmap -emit-const-values -Xfrontend -const-gather-protocols-file -Xfrontend /Users/tish/Library/Developer/Xcode/DerivedData/Loopa-epstgyhlsvtzqpgxmfeevoawmhoa/Build/Intermediates.noindex/Loopa.build/Debug-iphonesimulator/LoopaTests.build/Objects-normal/arm64/LoopaTests_const_extract_protocols.json -Xcc -iquote -Xcc /Users/tish/Library/Developer/Xcode/DerivedData/Loopa-epstgyhlsvtzqpgxmfeevoawmhoa/Build/Intermediates.noindex/Loopa.build/Debug-iphonesimulator/LoopaTests.build/LoopaTests-generated-files.hmap -Xcc -I/Users/tish/Library/Developer/Xcode/DerivedData/Loopa-epstgyhlsvtzqpgxmfeevoawmhoa/Build/Intermediates.noindex/Loopa.build/Debug-iphonesimulator/LoopaTests.build/LoopaTests-own-target-headers.hmap -Xcc -I/Users/tish/Library/Developer/Xcode/DerivedData/Loopa-epstgyhlsvtzqpgxmfeevoawmhoa/Build/Intermediates.noindex/Loopa.build/Debug-iphonesimulator/LoopaTests.build/LoopaTests-all-target-headers.hmap -Xcc -iquote -Xcc /Users/tish/Library/Developer/Xcode/DerivedData/Loopa-epstgyhlsvtzqpgxmfeevoawmhoa/Build/Intermediates.noindex/Loopa.build/Debug-iphonesimulator/LoopaTests.build/LoopaTests-project-headers.hmap -Xcc -I/Users/tish/Library/Developer/Xcode/DerivedData/Loopa-epstgyhlsvtzqpgxmfeevoawmhoa/Build/Products/Debug-iphonesimulator/include -Xcc -I/Users/tish/Library/Developer/Xcode/DerivedData/Loopa-epstgyhlsvtzqpgxmfeevoawmhoa/Build/Intermediates.noindex/Loopa.build/Debug-iphonesimulator/LoopaTests.build/DerivedSources-normal/arm64 -Xcc -I/Users/tish/Library/Developer/Xcode/DerivedData/Loopa-epstgyhlsvtzqpgxmfeevoawmhoa/Build/Intermediates.noindex/Loopa.build/Debug-iphonesimulator/LoopaTests.build/DerivedSources/arm64 -Xcc -I/Users/tish/Library/Developer/Xcode/DerivedData/Loopa-epstgyhlsvtzqpgxmfeevoawmhoa/Build/Intermediates.noindex/Loopa.build/Debug-iphonesimulator/LoopaTests.build/DerivedSources -Xcc -DDEBUG\=1 -emit-objc-header -emit-objc-header-path /Users/tish/Library/Developer/Xcode/DerivedData/Loopa-epstgyhlsvtzqpgxmfeevoawmhoa/Build/Intermediates.noindex/Loopa.build/Debug-iphonesimulator/LoopaTests.build/Objects-normal/arm64/LoopaTests-Swift.h -working-directory /Users/tish/Documents/white\ iverson/Tish88 -experimental-emit-module-separately -disable-cmo

Ld /Users/tish/Library/Developer/Xcode/DerivedData/Loopa-epstgyhlsvtzqpgxmfeevoawmhoa/Build/Products/Debug-iphonesimulator/Loopa.app/PlugIns/LoopaTests.xctest/LoopaTests normal (in target 'LoopaTests' from project 'Loopa')
    cd /Users/tish/Documents/white\ iverson/Tish88
    /Applications/Xcode.app/Contents/Developer/Toolchains/XcodeDefault.xctoolchain/usr/bin/clang -Xlinker -reproducible -target arm64-apple-ios17.0-simulator -bundle -isysroot /Applications/Xcode.app/Contents/Developer/Platforms/iPhoneSimulator.platform/Developer/SDKs/iPhoneSimulator18.5.sdk -O0 -L/Users/tish/Library/Developer/Xcode/DerivedData/Loopa-epstgyhlsvtzqpgxmfeevoawmhoa/Build/Intermediates.noindex/EagerLinkingTBDs/Debug-iphonesimulator -L/Users/tish/Library/Developer/Xcode/DerivedData/Loopa-epstgyhlsvtzqpgxmfeevoawmhoa/Build/Products/Debug-iphonesimulator -L/Applications/Xcode.app/Contents/Developer/Platforms/iPhoneSimulator.platform/Developer/usr/lib -F/Users/tish/Library/Developer/Xcode/DerivedData/Loopa-epstgyhlsvtzqpgxmfeevoawmhoa/Build/Intermediates.noindex/EagerLinkingTBDs/Debug-iphonesimulator -F/Users/tish/Library/Developer/Xcode/DerivedData/Loopa-epstgyhlsvtzqpgxmfeevoawmhoa/Build/Products/Debug-iphonesimulator -iframework /Applications/Xcode.app/Contents/Developer/Platforms/iPhoneSimulator.platform/Developer/Library/Frameworks -iframework /Applications/Xcode.app/Contents/Developer/Platforms/iPhoneSimulator.platform/Developer/SDKs/iPhoneSimulator18.5.sdk/Developer/Library/Frameworks -filelist /Users/tish/Library/Developer/Xcode/DerivedData/Loopa-epstgyhlsvtzqpgxmfeevoawmhoa/Build/Intermediates.noindex/Loopa.build/Debug-iphonesimulator/LoopaTests.build/Objects-normal/arm64/LoopaTests.LinkFileList -Xlinker -rpath -Xlinker @loader_path/Frameworks -Xlinker -rpath -Xlinker @executable_path/Frameworks -dead_strip -bundle_loader /Users/tish/Library/Developer/Xcode/DerivedData/Loopa-epstgyhlsvtzqpgxmfeevoawmhoa/Build/Products/Debug-iphonesimulator/Loopa.app/Loopa -Xlinker -object_path_lto -Xlinker /Users/tish/Library/Developer/Xcode/DerivedData/Loopa-epstgyhlsvtzqpgxmfeevoawmhoa/Build/Intermediates.noindex/Loopa.build/Debug-iphonesimulator/LoopaTests.build/Objects-normal/arm64/LoopaTests_lto.o -rdynamic -Xlinker -no_deduplicate -Xlinker -objc_abi_version -Xlinker 2 -Xlinker -debug_variant -Xlinker -dependency_info -Xlinker /Users/tish/Library/Developer/Xcode/DerivedData/Loopa-epstgyhlsvtzqpgxmfeevoawmhoa/Build/Intermediates.noindex/Loopa.build/Debug-iphonesimulator/LoopaTests.build/Objects-normal/arm64/LoopaTests_dependency_info.dat -fobjc-link-runtime -fprofile-instr-generate -L/Applications/Xcode.app/Contents/Developer/Toolchains/XcodeDefault.xctoolchain/usr/lib/swift/iphonesimulator -L/usr/lib/swift -Xlinker -add_ast_path -Xlinker /Users/tish/Library/Developer/Xcode/DerivedData/Loopa-epstgyhlsvtzqpgxmfeevoawmhoa/Build/Intermediates.noindex/Loopa.build/Debug-iphonesimulator/LoopaTests.build/Objects-normal/arm64/LoopaTests.swiftmodule -framework XCTest -lXCTestSwiftSupport /Users/tish/Library/Developer/Xcode/DerivedData/Loopa-epstgyhlsvtzqpgxmfeevoawmhoa/Build/Products/Debug-iphonesimulator/Loopa.app/Loopa.debug.dylib -Xlinker -no_adhoc_codesign -o /Users/tish/Library/Developer/Xcode/DerivedData/Loopa-epstgyhlsvtzqpgxmfeevoawmhoa/Build/Products/Debug-iphonesimulator/Loopa.app/PlugIns/LoopaTests.xctest/LoopaTests

ExtractAppIntentsMetadata (in target 'LoopaTests' from project 'Loopa')
    cd /Users/tish/Documents/white\ iverson/Tish88
    /Applications/Xcode.app/Contents/Developer/Toolchains/XcodeDefault.xctoolchain/usr/bin/appintentsmetadataprocessor --toolchain-dir /Applications/Xcode.app/Contents/Developer/Toolchains/XcodeDefault.xctoolchain --module-name LoopaTests --sdk-root /Applications/Xcode.app/Contents/Developer/Platforms/iPhoneSimulator.platform/Developer/SDKs/iPhoneSimulator18.5.sdk --xcode-version 16F6 --platform-family iOS --deployment-target 17.0 --bundle-identifier com.loopa.app.tests --output /Users/tish/Library/Developer/Xcode/DerivedData/Loopa-epstgyhlsvtzqpgxmfeevoawmhoa/Build/Products/Debug-iphonesimulator/Loopa.app/PlugIns/LoopaTests.xctest --target-triple arm64-apple-ios17.0-simulator --binary-file /Users/tish/Library/Developer/Xcode/DerivedData/Loopa-epstgyhlsvtzqpgxmfeevoawmhoa/Build/Products/Debug-iphonesimulator/Loopa.app/PlugIns/LoopaTests.xctest/LoopaTests --dependency-file /Users/tish/Library/Developer/Xcode/DerivedData/Loopa-epstgyhlsvtzqpgxmfeevoawmhoa/Build/Intermediates.noindex/Loopa.build/Debug-iphonesimulator/LoopaTests.build/Objects-normal/arm64/LoopaTests_dependency_info.dat --stringsdata-file /Users/tish/Library/Developer/Xcode/DerivedData/Loopa-epstgyhlsvtzqpgxmfeevoawmhoa/Build/Intermediates.noindex/Loopa.build/Debug-iphonesimulator/LoopaTests.build/Objects-normal/arm64/ExtractedAppShortcutsMetadata.stringsdata --source-file-list /Users/tish/Library/Developer/Xcode/DerivedData/Loopa-epstgyhlsvtzqpgxmfeevoawmhoa/Build/Intermediates.noindex/Loopa.build/Debug-iphonesimulator/LoopaTests.build/Objects-normal/arm64/LoopaTests.SwiftFileList --metadata-file-list /Users/tish/Library/Developer/Xcode/DerivedData/Loopa-epstgyhlsvtzqpgxmfeevoawmhoa/Build/Intermediates.noindex/Loopa.build/Debug-iphonesimulator/LoopaTests.build/LoopaTests.DependencyMetadataFileList --static-metadata-file-list /Users/tish/Library/Developer/Xcode/DerivedData/Loopa-epstgyhlsvtzqpgxmfeevoawmhoa/Build/Intermediates.noindex/Loopa.build/Debug-iphonesimulator/LoopaTests.build/LoopaTests.DependencyStaticMetadataFileList --swift-const-vals-list /Users/tish/Library/Developer/Xcode/DerivedData/Loopa-epstgyhlsvtzqpgxmfeevoawmhoa/Build/Intermediates.noindex/Loopa.build/Debug-iphonesimulator/LoopaTests.build/Objects-normal/arm64/LoopaTests.SwiftConstValuesFileList --compile-time-extraction --deployment-aware-processing --validate-assistant-intents --no-app-shortcuts-localization
2026-01-09 19:54:34.406 appintentsmetadataprocessor[7479:13513136] Starting appintentsmetadataprocessor export
2026-01-09 19:54:34.407 appintentsmetadataprocessor[7479:13513136] warning: Metadata extraction skipped. No AppIntents.framework dependency found.

CopySwiftLibs /Users/tish/Library/Developer/Xcode/DerivedData/Loopa-epstgyhlsvtzqpgxmfeevoawmhoa/Build/Products/Debug-iphonesimulator/Loopa.app/PlugIns/LoopaTests.xctest (in target 'LoopaTests' from project 'Loopa')
    cd /Users/tish/Documents/white\ iverson/Tish88
    builtin-swiftStdLibTool --copy --verbose --sign - --scan-executable /Users/tish/Library/Developer/Xcode/DerivedData/Loopa-epstgyhlsvtzqpgxmfeevoawmhoa/Build/Products/Debug-iphonesimulator/Loopa.app/PlugIns/LoopaTests.xctest/LoopaTests --scan-folder /Users/tish/Library/Developer/Xcode/DerivedData/Loopa-epstgyhlsvtzqpgxmfeevoawmhoa/Build/Products/Debug-iphonesimulator/Loopa.app/PlugIns/LoopaTests.xctest/Frameworks --scan-folder /Users/tish/Library/Developer/Xcode/DerivedData/Loopa-epstgyhlsvtzqpgxmfeevoawmhoa/Build/Products/Debug-iphonesimulator/Loopa.app/PlugIns/LoopaTests.xctest/PlugIns --scan-folder /Users/tish/Library/Developer/Xcode/DerivedData/Loopa-epstgyhlsvtzqpgxmfeevoawmhoa/Build/Products/Debug-iphonesimulator/Loopa.app/PlugIns/LoopaTests.xctest/SystemExtensions --scan-folder /Users/tish/Library/Developer/Xcode/DerivedData/Loopa-epstgyhlsvtzqpgxmfeevoawmhoa/Build/Products/Debug-iphonesimulator/Loopa.app/PlugIns/LoopaTests.xctest/Extensions --platform iphonesimulator --toolchain /Applications/Xcode.app/Contents/Developer/Toolchains/XcodeDefault.xctoolchain --destination /Users/tish/Library/Developer/Xcode/DerivedData/Loopa-epstgyhlsvtzqpgxmfeevoawmhoa/Build/Products/Debug-iphonesimulator/Loopa.app/PlugIns/LoopaTests.xctest/Frameworks --strip-bitcode --scan-executable /Applications/Xcode.app/Contents/Developer/Platforms/iPhoneSimulator.platform/Developer/usr/lib/libXCTestSwiftSupport.dylib --strip-bitcode-tool /Applications/Xcode.app/Contents/Developer/Toolchains/XcodeDefault.xctoolchain/usr/bin/bitcode_strip --emit-dependency-info /Users/tish/Library/Developer/Xcode/DerivedData/Loopa-epstgyhlsvtzqpgxmfeevoawmhoa/Build/Intermediates.noindex/Loopa.build/Debug-iphonesimulator/LoopaTests.build/SwiftStdLibToolInputDependencies.dep --filter-for-swift-os

AppIntentsSSUTraining (in target 'LoopaTests' from project 'Loopa')
    cd /Users/tish/Documents/white\ iverson/Tish88
    /Applications/Xcode.app/Contents/Developer/Toolchains/XcodeDefault.xctoolchain/usr/bin/appintentsnltrainingprocessor --infoplist-path /Users/tish/Library/Developer/Xcode/DerivedData/Loopa-epstgyhlsvtzqpgxmfeevoawmhoa/Build/Products/Debug-iphonesimulator/Loopa.app/PlugIns/LoopaTests.xctest/Info.plist --temp-dir-path /Users/tish/Library/Developer/Xcode/DerivedData/Loopa-epstgyhlsvtzqpgxmfeevoawmhoa/Build/Intermediates.noindex/Loopa.build/Debug-iphonesimulator/LoopaTests.build/ssu --bundle-id com.loopa.app.tests --product-path /Users/tish/Library/Developer/Xcode/DerivedData/Loopa-epstgyhlsvtzqpgxmfeevoawmhoa/Build/Products/Debug-iphonesimulator/Loopa.app/PlugIns/LoopaTests.xctest --extracted-metadata-path /Users/tish/Library/Developer/Xcode/DerivedData/Loopa-epstgyhlsvtzqpgxmfeevoawmhoa/Build/Products/Debug-iphonesimulator/Loopa.app/PlugIns/LoopaTests.xctest/Metadata.appintents --metadata-file-list /Users/tish/Library/Developer/Xcode/DerivedData/Loopa-epstgyhlsvtzqpgxmfeevoawmhoa/Build/Intermediates.noindex/Loopa.build/Debug-iphonesimulator/LoopaTests.build/LoopaTests.DependencyMetadataFileList --archive-ssu-assets
2026-01-09 19:54:34.418 appintentsnltrainingprocessor[7480:13513138] Parsing options for appintentsnltrainingprocessor
2026-01-09 19:54:34.418 appintentsnltrainingprocessor[7480:13513138] No AppShortcuts found - Skipping.

CodeSign /Users/tish/Library/Developer/Xcode/DerivedData/Loopa-epstgyhlsvtzqpgxmfeevoawmhoa/Build/Products/Debug-iphonesimulator/Loopa.app/PlugIns/LoopaTests.xctest (in target 'LoopaTests' from project 'Loopa')
    cd /Users/tish/Documents/white\ iverson/Tish88
    
    Signing Identity:     "Sign to Run Locally"
    
    /usr/bin/codesign --force --sign - --timestamp\=none --generate-entitlement-der /Users/tish/Library/Developer/Xcode/DerivedData/Loopa-epstgyhlsvtzqpgxmfeevoawmhoa/Build/Products/Debug-iphonesimulator/Loopa.app/PlugIns/LoopaTests.xctest

RegisterExecutionPolicyException /Users/tish/Library/Developer/Xcode/DerivedData/Loopa-epstgyhlsvtzqpgxmfeevoawmhoa/Build/Products/Debug-iphonesimulator/Loopa.app/PlugIns/LoopaTests.xctest (in target 'LoopaTests' from project 'Loopa')
    cd /Users/tish/Documents/white\ iverson/Tish88
    builtin-RegisterExecutionPolicyException /Users/tish/Library/Developer/Xcode/DerivedData/Loopa-epstgyhlsvtzqpgxmfeevoawmhoa/Build/Products/Debug-iphonesimulator/Loopa.app/PlugIns/LoopaTests.xctest

Touch /Users/tish/Library/Developer/Xcode/DerivedData/Loopa-epstgyhlsvtzqpgxmfeevoawmhoa/Build/Products/Debug-iphonesimulator/Loopa.app/PlugIns/LoopaTests.xctest (in target 'LoopaTests' from project 'Loopa')
    cd /Users/tish/Documents/white\ iverson/Tish88
    /usr/bin/touch -c /Users/tish/Library/Developer/Xcode/DerivedData/Loopa-epstgyhlsvtzqpgxmfeevoawmhoa/Build/Products/Debug-iphonesimulator/Loopa.app/PlugIns/LoopaTests.xctest

CodeSign /Users/tish/Library/Developer/Xcode/DerivedData/Loopa-epstgyhlsvtzqpgxmfeevoawmhoa/Build/Products/Debug-iphonesimulator/Loopa.app/Loopa.debug.dylib (in target 'Loopa' from project 'Loopa')
    cd /Users/tish/Documents/white\ iverson/Tish88
    
    Signing Identity:     "Sign to Run Locally"
    
    /usr/bin/codesign --force --sign - --timestamp\=none --generate-entitlement-der /Users/tish/Library/Developer/Xcode/DerivedData/Loopa-epstgyhlsvtzqpgxmfeevoawmhoa/Build/Products/Debug-iphonesimulator/Loopa.app/Loopa.debug.dylib

CodeSign /Users/tish/Library/Developer/Xcode/DerivedData/Loopa-epstgyhlsvtzqpgxmfeevoawmhoa/Build/Products/Debug-iphonesimulator/Loopa.app/__preview.dylib (in target 'Loopa' from project 'Loopa')
    cd /Users/tish/Documents/white\ iverson/Tish88
    
    Signing Identity:     "Sign to Run Locally"
    
    /usr/bin/codesign --force --sign - --timestamp\=none --generate-entitlement-der /Users/tish/Library/Developer/Xcode/DerivedData/Loopa-epstgyhlsvtzqpgxmfeevoawmhoa/Build/Products/Debug-iphonesimulator/Loopa.app/__preview.dylib
/Users/tish/Library/Developer/Xcode/DerivedData/Loopa-epstgyhlsvtzqpgxmfeevoawmhoa/Build/Products/Debug-iphonesimulator/Loopa.app/__preview.dylib: replacing existing signature

CodeSign /Users/tish/Library/Developer/Xcode/DerivedData/Loopa-epstgyhlsvtzqpgxmfeevoawmhoa/Build/Products/Debug-iphonesimulator/Loopa.app (in target 'Loopa' from project 'Loopa')
    cd /Users/tish/Documents/white\ iverson/Tish88
    
    Signing Identity:     "Sign to Run Locally"
    
    /usr/bin/codesign --force --sign - --timestamp\=none --generate-entitlement-der /Users/tish/Library/Developer/Xcode/DerivedData/Loopa-epstgyhlsvtzqpgxmfeevoawmhoa/Build/Products/Debug-iphonesimulator/Loopa.app

Validate /Users/tish/Library/Developer/Xcode/DerivedData/Loopa-epstgyhlsvtzqpgxmfeevoawmhoa/Build/Products/Debug-iphonesimulator/Loopa.app (in target 'Loopa' from project 'Loopa')
    cd /Users/tish/Documents/white\ iverson/Tish88
    builtin-validationUtility /Users/tish/Library/Developer/Xcode/DerivedData/Loopa-epstgyhlsvtzqpgxmfeevoawmhoa/Build/Products/Debug-iphonesimulator/Loopa.app -infoplist-subpath Info.plist

ProcessInfoPlistFile /Users/tish/Library/Developer/Xcode/DerivedData/Loopa-epstgyhlsvtzqpgxmfeevoawmhoa/Build/Products/Debug-iphonesimulator/LoopaUITests-Runner.app/PlugIns/LoopaUITests.xctest/Info.plist /Users/tish/Library/Developer/Xcode/DerivedData/Loopa-epstgyhlsvtzqpgxmfeevoawmhoa/Build/Intermediates.noindex/Loopa.build/Debug-iphonesimulator/LoopaUITests.build/empty-LoopaUITests.plist (in target 'LoopaUITests' from project 'Loopa')
    cd /Users/tish/Documents/white\ iverson/Tish88
    builtin-infoPlistUtility /Users/tish/Library/Developer/Xcode/DerivedData/Loopa-epstgyhlsvtzqpgxmfeevoawmhoa/Build/Intermediates.noindex/Loopa.build/Debug-iphonesimulator/LoopaUITests.build/empty-LoopaUITests.plist -producttype com.apple.product-type.bundle.ui-testing -expandbuildsettings -format binary -platform iphonesimulator -additionalcontentfile /Users/tish/Library/Developer/Xcode/DerivedData/Loopa-epstgyhlsvtzqpgxmfeevoawmhoa/Build/Intermediates.noindex/Loopa.build/Debug-iphonesimulator/LoopaUITests.build/ProductTypeInfoPlistAdditions.plist -o /Users/tish/Library/Developer/Xcode/DerivedData/Loopa-epstgyhlsvtzqpgxmfeevoawmhoa/Build/Products/Debug-iphonesimulator/LoopaUITests-Runner.app/PlugIns/LoopaUITests.xctest/Info.plist

CopySwiftLibs /Users/tish/Library/Developer/Xcode/DerivedData/Loopa-epstgyhlsvtzqpgxmfeevoawmhoa/Build/Products/Debug-iphonesimulator/LoopaUITests-Runner.app/PlugIns/LoopaUITests.xctest (in target 'LoopaUITests' from project 'Loopa')
    cd /Users/tish/Documents/white\ iverson/Tish88
    builtin-swiftStdLibTool --copy --verbose --sign - --scan-executable /Users/tish/Library/Developer/Xcode/DerivedData/Loopa-epstgyhlsvtzqpgxmfeevoawmhoa/Build/Products/Debug-iphonesimulator/LoopaUITests-Runner.app/PlugIns/LoopaUITests.xctest/LoopaUITests --scan-folder /Users/tish/Library/Developer/Xcode/DerivedData/Loopa-epstgyhlsvtzqpgxmfeevoawmhoa/Build/Products/Debug-iphonesimulator/LoopaUITests-Runner.app/PlugIns/LoopaUITests.xctest/Frameworks --scan-folder /Users/tish/Library/Developer/Xcode/DerivedData/Loopa-epstgyhlsvtzqpgxmfeevoawmhoa/Build/Products/Debug-iphonesimulator/LoopaUITests-Runner.app/PlugIns/LoopaUITests.xctest/PlugIns --scan-folder /Users/tish/Library/Developer/Xcode/DerivedData/Loopa-epstgyhlsvtzqpgxmfeevoawmhoa/Build/Products/Debug-iphonesimulator/LoopaUITests-Runner.app/PlugIns/LoopaUITests.xctest/SystemExtensions --scan-folder /Users/tish/Library/Developer/Xcode/DerivedData/Loopa-epstgyhlsvtzqpgxmfeevoawmhoa/Build/Products/Debug-iphonesimulator/LoopaUITests-Runner.app/PlugIns/LoopaUITests.xctest/Extensions --platform iphonesimulator --toolchain /Applications/Xcode.app/Contents/Developer/Toolchains/XcodeDefault.xctoolchain --destination /Users/tish/Library/Developer/Xcode/DerivedData/Loopa-epstgyhlsvtzqpgxmfeevoawmhoa/Build/Products/Debug-iphonesimulator/LoopaUITests-Runner.app/PlugIns/LoopaUITests.xctest/Frameworks --strip-bitcode --scan-executable /Applications/Xcode.app/Contents/Developer/Platforms/iPhoneSimulator.platform/Developer/usr/lib/libXCTestSwiftSupport.dylib --strip-bitcode-tool /Applications/Xcode.app/Contents/Developer/Toolchains/XcodeDefault.xctoolchain/usr/bin/bitcode_strip --emit-dependency-info /Users/tish/Library/Developer/Xcode/DerivedData/Loopa-epstgyhlsvtzqpgxmfeevoawmhoa/Build/Intermediates.noindex/Loopa.build/Debug-iphonesimulator/LoopaUITests.build/SwiftStdLibToolInputDependencies.dep --filter-for-swift-os

2026-01-09 19:54:35.686473-0500 LoopaUITests-Runner[7492:13513349] [Default] Running tests...
    t =      nans Interface orientation changed to Portrait
Test Suite 'All tests' started at 2026-01-09 19:54:36.488.
Test Suite 'LoopaUITests.xctest' started at 2026-01-09 19:54:36.489.
Test Suite 'ScreenshotTests' started at 2026-01-09 19:54:36.489.
Test Case '-[LoopaUITests.ScreenshotTests testScreenshot01_MainKeyboard]' started.
    t =     0.00s Start Test at 2026-01-09 19:54:36.489
    t =     0.03s Set Up
    t =     0.03s     Open com.loopa.app
    t =     0.03s         Launch com.loopa.app
    t =     0.41s             Interface orientation changed to Landscape Left
    t =     0.44s             Setting up automation session
    t =     0.93s             Wait for com.loopa.app to idle
    t =     2.23s Waiting 5.0s for "recordButton" Button to exist
    t =     3.26s     Checking `Expect predicate `existsNoRetry == 1` for object "recordButton" Button`
    t =     3.26s         Checking existence of `"recordButton" Button`
    t =     3.33s Tear Down
Test Case '-[LoopaUITests.ScreenshotTests testScreenshot01_MainKeyboard]' passed (3.546 seconds).
Test Case '-[LoopaUITests.ScreenshotTests testScreenshot02_Recording]' started.
    t =     0.00s Start Test at 2026-01-09 19:54:40.036
    t =     0.03s Set Up
    t =     0.03s     Open com.loopa.app
    t =     0.03s         Launch com.loopa.app
    t =     0.03s             Terminate com.loopa.app:7506
    t =     0.19s                 Interface orientation changed to Portrait
    t =     1.32s             Interface orientation changed to Landscape Left
    t =     1.33s             Setting up automation session
    t =     1.75s             Wait for com.loopa.app to idle
    t =     3.02s Waiting 5.0s for "recordButton" Button to exist
    t =     4.06s     Checking `Expect predicate `existsNoRetry == 1` for object "recordButton" Button`
    t =     4.06s         Checking existence of `"recordButton" Button`
    t =     4.13s Tap "recordButton" Button
    t =     4.13s     Wait for com.loopa.app to idle
    t =     4.13s     Find the "recordButton" Button
    t =     4.15s     Check for interrupting elements affecting "recordButton" Button
    t =     4.16s     Synthesize event
    t =     4.45s     Wait for com.loopa.app to idle
    t =     7.45s Tap "recordButton" Button
    t =     7.45s     Wait for com.loopa.app to idle
    t =     7.46s     Find the "recordButton" Button
    t =     7.47s     Check for interrupting elements affecting "recordButton" Button
    t =     7.49s     Synthesize event
    t =     7.78s     Wait for com.loopa.app to idle
    t =     7.78s Tear Down
Test Case '-[LoopaUITests.ScreenshotTests testScreenshot02_Recording]' passed (8.008 seconds).
Test Case '-[LoopaUITests.ScreenshotTests testScreenshot03_TracksMixer]' started.
    t =     0.00s Start Test at 2026-01-09 19:54:48.044
    t =     0.03s Set Up
    t =     0.03s     Open com.loopa.app
    t =     0.03s         Launch com.loopa.app
    t =     0.03s             Terminate com.loopa.app:7546
    t =     0.17s                 Interface orientation changed to Portrait
    t =     1.30s             Interface orientation changed to Landscape Left
    t =     1.30s             Setting up automation session
    t =     1.72s             Wait for com.loopa.app to idle
    t =     2.96s Waiting 5.0s for "recordButton" Button to exist
    t =     3.98s     Checking `Expect predicate `existsNoRetry == 1` for object "recordButton" Button`
    t =     3.98s         Checking existence of `"recordButton" Button`
    t =     4.05s Tap "recordButton" Button
    t =     4.05s     Wait for com.loopa.app to idle
    t =     4.05s     Find the "recordButton" Button
    t =     4.06s     Check for interrupting elements affecting "recordButton" Button
    t =     4.07s     Synthesize event
    t =     4.36s     Wait for com.loopa.app to idle
    t =     7.86s Tap "recordButton" Button
    t =     7.86s     Wait for com.loopa.app to idle
    t =     7.87s     Find the "recordButton" Button
    t =     7.88s     Check for interrupting elements affecting "recordButton" Button
    t =     7.90s     Synthesize event
    t =     8.18s     Wait for com.loopa.app to idle
    t =     8.69s Waiting 2.0s for "tracksButton" Button to exist
    t =     9.72s     Checking `Expect predicate `existsNoRetry == 1` for object "tracksButton" Button`
    t =     9.72s         Checking existence of `"tracksButton" Button`
    t =     9.75s Tap "tracksButton" Button
    t =     9.75s     Wait for com.loopa.app to idle
    t =     9.75s     Find the "tracksButton" Button
    t =     9.77s     Check for interrupting elements affecting "tracksButton" Button
    t =     9.78s     Synthesize event
    t =    10.06s     Wait for com.loopa.app to idle
    t =    10.98s Tear Down
Test Case '-[LoopaUITests.ScreenshotTests testScreenshot03_TracksMixer]' passed (11.189 seconds).
Test Case '-[LoopaUITests.ScreenshotTests testScreenshot04_DrumKit]' started.
    t =     0.00s Start Test at 2026-01-09 19:54:59.234
    t =     0.03s Set Up
    t =     0.03s     Open com.loopa.app
    t =     0.03s         Launch com.loopa.app
    t =     0.03s             Terminate com.loopa.app:7608
    t =     0.18s                 Interface orientation changed to Portrait
    t =     1.31s             Interface orientation changed to Landscape Left
    t =     1.32s             Setting up automation session
    t =     1.75s             Wait for com.loopa.app to idle
    t =     3.02s Tear Down
Test Case '-[LoopaUITests.ScreenshotTests testScreenshot04_DrumKit]' passed (3.241 seconds).
Test Case '-[LoopaUITests.ScreenshotTests testScreenshot05_Settings]' started.
    t =     0.00s Start Test at 2026-01-09 19:55:02.476
    t =     0.03s Set Up
    t =     0.03s     Open com.loopa.app
    t =     0.03s         Launch com.loopa.app
    t =     0.03s             Terminate com.loopa.app:7688
    t =     0.17s                 Interface orientation changed to Portrait
    t =     1.31s             Interface orientation changed to Landscape Left
    t =     1.31s             Setting up automation session
    t =     1.81s             Wait for com.loopa.app to idle
    t =     3.17s Waiting 2.0s for "ellipsis.circle" Button to exist
    t =     4.20s     Checking `Expect predicate `existsNoRetry == 1` for object "ellipsis.circle" Button`
    t =     4.20s         Checking existence of `"ellipsis.circle" Button`
    t =     4.29s         Capturing element debug description
    t =     5.18s     Checking `Expect predicate `existsNoRetry == 1` for object "ellipsis.circle" Button`
    t =     5.18s         Checking existence of `"ellipsis.circle" Button`
    t =     5.21s         Capturing element debug description
    t =     5.21s     Checking existence of `"ellipsis.circle" Button`
    t =     5.22s Collecting debug information to assist test failure triage
    t =     5.22s     Requesting snapshot of accessibility hierarchy for app with pid 7715
    t =     5.24s Tear Down
Test Case '-[LoopaUITests.ScreenshotTests testScreenshot05_Settings]' passed (5.448 seconds).
Test Suite 'ScreenshotTests' passed at 2026-01-09 19:55:07.925.
	 Executed 5 tests, with 0 failures (0 unexpected) in 31.432 (31.437) seconds
Test Suite 'TransportControlsUITests' started at 2026-01-09 19:55:07.927.
Test Case '-[LoopaUITests.TransportControlsUITests testFullRecordPauseResumeFlow]' started.
    t =     0.00s Start Test at 2026-01-09 19:55:07.927
    t =     0.03s Set Up
    t =     0.03s     Open com.loopa.app
    t =     0.03s         Launch com.loopa.app
    t =     0.03s             Terminate com.loopa.app:7715
    t =     0.16s                 Interface orientation changed to Portrait
    t =     1.30s             Interface orientation changed to Landscape Left
    t =     1.30s             Setting up automation session
    t =     1.72s             Wait for com.loopa.app to idle
    t =     2.97s Waiting 5.0s for "recordButton" Button to exist
    t =     3.99s     Checking `Expect predicate `existsNoRetry == 1` for object "recordButton" Button`
    t =     3.99s         Checking existence of `"recordButton" Button`
    t =     4.06s Tap "recordButton" Button
    t =     4.06s     Wait for com.loopa.app to idle
    t =     4.06s     Find the "recordButton" Button
    t =     4.07s     Check for interrupting elements affecting "recordButton" Button
    t =     4.08s     Synthesize event
    t =     4.37s     Wait for com.loopa.app to idle
    t =     5.17s Tap "recordButton" Button
    t =     5.18s     Wait for com.loopa.app to idle
    t =     5.18s     Find the "recordButton" Button
    t =     5.21s     Check for interrupting elements affecting "recordButton" Button
    t =     5.22s     Synthesize event
    t =     5.51s     Wait for com.loopa.app to idle
    t =     7.03s Checking `Expect predicate `isEnabled == 1` for object "playPauseButton" Button`
    t =     7.03s     Find the "playPauseButton" Button
    t =     7.06s Tap "playPauseButton" Button
    t =     7.06s     Wait for com.loopa.app to idle
    t =     7.06s     Find the "playPauseButton" Button
    t =     7.08s     Check for interrupting elements affecting "playPauseButton" Button
    t =     7.09s     Synthesize event
    t =     7.37s     Wait for com.loopa.app to idle
    t =     7.88s Tap "playPauseButton" Button
    t =     7.88s     Wait for com.loopa.app to idle
    t =     7.89s     Find the "playPauseButton" Button
    t =     7.90s     Check for interrupting elements affecting "playPauseButton" Button
    t =     7.92s     Synthesize event
    t =     8.20s     Wait for com.loopa.app to idle
    t =     8.71s Tap "restartButton" Button
    t =     8.71s     Wait for com.loopa.app to idle
    t =     8.72s     Find the "restartButton" Button
    t =     8.74s     Check for interrupting elements affecting "restartButton" Button
    t =     8.76s     Synthesize event
    t =     9.05s     Wait for com.loopa.app to idle
    t =     9.56s Checking existence of `"recordButton" Button`
    t =     9.59s Checking existence of `"playPauseButton" Button`
    t =     9.61s Checking existence of `"restartButton" Button`
    t =     9.62s Tear Down
    t =     9.72s     Added attachment named 'failure_-[TransportControlsUITests testFullRecordPauseResumeFlow]'
Test Case '-[LoopaUITests.TransportControlsUITests testFullRecordPauseResumeFlow]' passed (9.952 seconds).
Test Case '-[LoopaUITests.TransportControlsUITests testPlayPauseButtonToggles]' started.
    t =     0.00s Start Test at 2026-01-09 19:55:17.880
    t =     0.03s Set Up
    t =     0.03s     Open com.loopa.app
    t =     0.03s         Launch com.loopa.app
    t =     0.03s             Terminate com.loopa.app:7757
    t =     0.16s                 Interface orientation changed to Portrait
    t =     1.29s             Interface orientation changed to Landscape Left
    t =     1.29s             Setting up automation session
    t =     1.71s             Wait for com.loopa.app to idle
    t =     2.96s Waiting 5.0s for "recordButton" Button to exist
    t =     3.99s     Checking `Expect predicate `existsNoRetry == 1` for object "recordButton" Button`
    t =     3.99s         Checking existence of `"recordButton" Button`
    t =     4.06s Tap "recordButton" Button
    t =     4.06s     Wait for com.loopa.app to idle
    t =     4.06s     Find the "recordButton" Button
    t =     4.07s     Check for interrupting elements affecting "recordButton" Button
    t =     4.08s     Synthesize event
    t =     4.36s     Wait for com.loopa.app to idle
    t =     4.87s Tap "recordButton" Button
    t =     4.87s     Wait for com.loopa.app to idle
    t =     4.88s     Find the "recordButton" Button
    t =     4.91s     Check for interrupting elements affecting "recordButton" Button
    t =     4.92s     Synthesize event
    t =     5.22s     Wait for com.loopa.app to idle
    t =     5.53s Tap "playPauseButton" Button
    t =     5.53s     Wait for com.loopa.app to idle
    t =     5.53s     Find the "playPauseButton" Button
    t =     5.56s     Check for interrupting elements affecting "playPauseButton" Button
    t =     5.58s     Synthesize event
    t =     5.87s     Wait for com.loopa.app to idle
    t =     6.17s Tap "playPauseButton" Button
    t =     6.17s     Wait for com.loopa.app to idle
    t =     6.17s     Find the "playPauseButton" Button
    t =     6.19s     Check for interrupting elements affecting "playPauseButton" Button
    t =     6.20s     Synthesize event
    t =     6.49s     Wait for com.loopa.app to idle
    t =     6.80s Find the "playPauseButton" Button
    t =     6.82s Tear Down
    t =     6.94s     Added attachment named 'failure_-[TransportControlsUITests testPlayPauseButtonToggles]'
Test Case '-[LoopaUITests.TransportControlsUITests testPlayPauseButtonToggles]' passed (7.145 seconds).
Test Case '-[LoopaUITests.TransportControlsUITests testQuantizeButtonCyclesSettings]' started.
    t =     0.00s Start Test at 2026-01-09 19:55:25.026
    t =     0.03s Set Up
    t =     0.03s     Open com.loopa.app
    t =     0.03s         Launch com.loopa.app
    t =     0.03s             Terminate com.loopa.app:7825
    t =     0.17s                 Interface orientation changed to Portrait
    t =     1.31s             Interface orientation changed to Landscape Left
    t =     1.31s             Setting up automation session
    t =     1.72s             Wait for com.loopa.app to idle
    t =     2.95s Waiting 5.0s for "quantizeButton" Button to exist
    t =     3.97s     Checking `Expect predicate `existsNoRetry == 1` for object "quantizeButton" Button`
    t =     3.97s         Checking existence of `"quantizeButton" Button`
    t =     4.04s Tap "quantizeButton" Button
    t =     4.04s     Wait for com.loopa.app to idle
    t =     4.04s     Find the "quantizeButton" Button
    t =     4.05s     Check for interrupting elements affecting "quantizeButton" Button
    t =     4.06s     Synthesize event
    t =     4.35s     Wait for com.loopa.app to idle
    t =     4.56s Tap "quantizeButton" Button
    t =     4.56s     Wait for com.loopa.app to idle
    t =     4.58s     Find the "quantizeButton" Button
    t =     4.60s     Check for interrupting elements affecting "quantizeButton" Button
    t =     4.62s     Synthesize event
    t =     4.90s     Wait for com.loopa.app to idle
    t =     5.12s Tap "quantizeButton" Button
    t =     5.12s     Wait for com.loopa.app to idle
    t =     5.13s     Find the "quantizeButton" Button
    t =     5.15s     Check for interrupting elements affecting "quantizeButton" Button
    t =     5.16s     Synthesize event
    t =     5.45s     Wait for com.loopa.app to idle
    t =     5.66s Tap "quantizeButton" Button
    t =     5.66s     Wait for com.loopa.app to idle
    t =     5.66s     Find the "quantizeButton" Button
    t =     5.69s     Check for interrupting elements affecting "quantizeButton" Button
    t =     5.71s     Synthesize event
    t =     5.99s     Wait for com.loopa.app to idle
    t =     6.20s Checking existence of `"quantizeButton" Button`
    t =     6.23s Tear Down
    t =     6.34s     Added attachment named 'failure_-[TransportControlsUITests testQuantizeButtonCyclesSettings]'
Test Case '-[LoopaUITests.TransportControlsUITests testQuantizeButtonCyclesSettings]' passed (6.573 seconds).
Test Case '-[LoopaUITests.TransportControlsUITests testRecordButtonStartsRecording]' started.
    t =     0.00s Start Test at 2026-01-09 19:55:31.599
    t =     0.02s Set Up
    t =     0.02s     Open com.loopa.app
    t =     0.02s         Launch com.loopa.app
    t =     0.02s             Terminate com.loopa.app:7885
    t =     0.14s                 Interface orientation changed to Portrait
    t =     1.28s             Interface orientation changed to Landscape Left
    t =     1.28s             Setting up automation session
    t =     1.69s             Wait for com.loopa.app to idle
    t =     2.93s Waiting 5.0s for "recordButton" Button to exist
    t =     3.96s     Checking `Expect predicate `existsNoRetry == 1` for object "recordButton" Button`
    t =     3.96s         Checking existence of `"recordButton" Button`
    t =     3.99s Tap "recordButton" Button
    t =     3.99s     Wait for com.loopa.app to idle
    t =     3.99s     Find the "recordButton" Button
    t =     4.00s     Check for interrupting elements affecting "recordButton" Button
    t =     4.01s     Synthesize event
    t =     4.30s     Wait for com.loopa.app to idle
    t =     4.81s Find the "playPauseButton" Button
    t =     4.84s Tear Down
    t =     4.95s     Added attachment named 'failure_-[TransportControlsUITests testRecordButtonStartsRecording]'
Test Case '-[LoopaUITests.TransportControlsUITests testRecordButtonStartsRecording]' passed (5.159 seconds).
Test Case '-[LoopaUITests.TransportControlsUITests testRecordButtonTogglesRecording]' started.
    t =     0.00s Start Test at 2026-01-09 19:55:36.759
    t =     0.03s Set Up
    t =     0.03s     Open com.loopa.app
    t =     0.03s         Launch com.loopa.app
    t =     0.03s             Terminate com.loopa.app:7928
    t =     0.16s                 Interface orientation changed to Portrait
    t =     1.29s             Interface orientation changed to Landscape Left
    t =     1.29s             Setting up automation session
    t =     1.71s             Wait for com.loopa.app to idle
    t =     2.95s Waiting 5.0s for "recordButton" Button to exist
    t =     3.97s     Checking `Expect predicate `existsNoRetry == 1` for object "recordButton" Button`
    t =     3.97s         Checking existence of `"recordButton" Button`
    t =     4.04s Tap "recordButton" Button
    t =     4.04s     Wait for com.loopa.app to idle
    t =     4.04s     Find the "recordButton" Button
    t =     4.05s     Check for interrupting elements affecting "recordButton" Button
    t =     4.06s     Synthesize event
    t =     4.34s     Wait for com.loopa.app to idle
    t =     4.85s Tap "recordButton" Button
    t =     4.85s     Wait for com.loopa.app to idle
    t =     4.86s     Find the "recordButton" Button
    t =     4.89s     Check for interrupting elements affecting "recordButton" Button
    t =     4.90s     Synthesize event
    t =     5.19s     Wait for com.loopa.app to idle
    t =     5.70s Find the "playPauseButton" Button
    t =     5.72s Tear Down
    t =     5.83s     Added attachment named 'failure_-[TransportControlsUITests testRecordButtonTogglesRecording]'
Test Case '-[LoopaUITests.TransportControlsUITests testRecordButtonTogglesRecording]' passed (6.046 seconds).
Test Case '-[LoopaUITests.TransportControlsUITests testRestartButtonRestartsFromBeginning]' started.
    t =     0.00s Start Test at 2026-01-09 19:55:42.805
    t =     0.03s Set Up
    t =     0.03s     Open com.loopa.app
    t =     0.03s         Launch com.loopa.app
    t =     0.03s             Terminate com.loopa.app:7965
    t =     0.17s                 Interface orientation changed to Portrait
    t =     1.29s             Interface orientation changed to Landscape Left
    t =     1.29s             Setting up automation session
    t =     1.69s             Wait for com.loopa.app to idle
    t =     2.93s Waiting 5.0s for "recordButton" Button to exist
    t =     3.95s     Checking `Expect predicate `existsNoRetry == 1` for object "recordButton" Button`
    t =     3.95s         Checking existence of `"recordButton" Button`
    t =     4.02s Tap "recordButton" Button
    t =     4.02s     Wait for com.loopa.app to idle
    t =     4.03s     Find the "recordButton" Button
    t =     4.04s     Check for interrupting elements affecting "recordButton" Button
    t =     4.05s     Synthesize event
    t =     4.33s     Wait for com.loopa.app to idle
    t =     7.84s Tap "recordButton" Button
    t =     7.84s     Wait for com.loopa.app to idle
    t =     7.84s     Find the "recordButton" Button
    t =     7.86s     Check for interrupting elements affecting "recordButton" Button
    t =     7.88s     Synthesize event
    t =     8.16s     Wait for com.loopa.app to idle
    t =     9.69s Checking `Expect predicate `isEnabled == 1` for object "restartButton" Button`
    t =     9.69s     Find the "restartButton" Button
    t =     9.72s Tap "restartButton" Button
    t =     9.72s     Wait for com.loopa.app to idle
    t =     9.72s     Find the "restartButton" Button
    t =     9.74s     Check for interrupting elements affecting "restartButton" Button
    t =     9.75s     Synthesize event
    t =    10.04s     Wait for com.loopa.app to idle
    t =    10.55s Checking existence of `"restartButton" Button`
    t =    10.58s Tear Down
    t =    10.69s     Added attachment named 'failure_-[TransportControlsUITests testRestartButtonRestartsFromBeginning]'
Test Case '-[LoopaUITests.TransportControlsUITests testRestartButtonRestartsFromBeginning]' passed (10.902 seconds).
Test Case '-[LoopaUITests.TransportControlsUITests testTransportButtonsExist]' started.
    t =     0.00s Start Test at 2026-01-09 19:55:53.707
    t =     0.03s Set Up
    t =     0.03s     Open com.loopa.app
    t =     0.03s         Launch com.loopa.app
    t =     0.03s             Terminate com.loopa.app:8013
    t =     0.17s                 Interface orientation changed to Portrait
    t =     1.28s             Interface orientation changed to Landscape Left
    t =     1.29s             Setting up automation session
    t =     1.74s             Wait for com.loopa.app to idle
    t =     3.02s Waiting 5.0s for "recordButton" Button to exist
    t =     4.04s     Checking `Expect predicate `existsNoRetry == 1` for object "recordButton" Button`
    t =     4.04s         Checking existence of `"recordButton" Button`
    t =     4.12s Checking existence of `"playPauseButton" Button`
    t =     4.13s Checking existence of `"restartButton" Button`
    t =     4.14s Checking existence of `"quantizeButton" Button`
    t =     4.15s Tear Down
    t =     4.23s     Added attachment named 'failure_-[TransportControlsUITests testTransportButtonsExist]'
Test Case '-[LoopaUITests.TransportControlsUITests testTransportButtonsExist]' passed (4.441 seconds).
Test Suite 'TransportControlsUITests' passed at 2026-01-09 19:55:58.148.
	 Executed 7 tests, with 0 failures (0 unexpected) in 50.217 (50.221) seconds
Test Suite 'TransportRegressionTests' started at 2026-01-09 19:55:58.149.
Test Case '-[LoopaUITests.TransportRegressionTests testButtonsWorkDuringRecording]' started.
    t =     0.00s Start Test at 2026-01-09 19:55:58.149
    t =     0.02s Set Up
    t =     0.02s     Open com.loopa.app
    t =     0.02s         Launch com.loopa.app
    t =     0.02s             Terminate com.loopa.app:8089
    t =     0.15s                 Interface orientation changed to Portrait
    t =     1.27s             Interface orientation changed to Landscape Left
    t =     1.28s             Setting up automation session
    t =     1.67s             Wait for com.loopa.app to idle
    t =     2.91s Waiting 5.0s for "recordButton" Button to exist
    t =     3.93s     Checking `Expect predicate `existsNoRetry == 1` for object "recordButton" Button`
    t =     3.93s         Checking existence of `"recordButton" Button`
    t =     3.96s Tap "recordButton" Button
    t =     3.96s     Wait for com.loopa.app to idle
    t =     3.97s     Find the "recordButton" Button
    t =     3.98s     Check for interrupting elements affecting "recordButton" Button
    t =     3.99s     Synthesize event
    t =     4.28s     Wait for com.loopa.app to idle
    t =     8.31s Checking `Expect predicate `isEnabled == 1` for object "playPauseButton" Button`
    t =     8.31s     Find the "playPauseButton" Button
    t =     8.32s Find the "playPauseButton" Button
    t =     8.34s Find the "restartButton" Button
    t =     8.35s Tap "recordButton" Button
    t =     8.35s     Wait for com.loopa.app to idle
    t =     8.35s     Find the "recordButton" Button
    t =     8.37s     Check for interrupting elements affecting "recordButton" Button
    t =     8.39s     Synthesize event
    t =     8.68s     Wait for com.loopa.app to idle
    t =     8.69s Tear Down
    t =     8.80s     Added attachment named 'failure_-[TransportRegressionTests testButtonsWorkDuringRecording]'
Test Case '-[LoopaUITests.TransportRegressionTests testButtonsWorkDuringRecording]' passed (9.051 seconds).
Test Case '-[LoopaUITests.TransportRegressionTests testMultiplePauseResumeCycles]' started.
    t =     0.00s Start Test at 2026-01-09 19:56:07.200
    t =     0.03s Set Up
    t =     0.03s     Open com.loopa.app
    t =     0.03s         Launch com.loopa.app
    t =     0.03s             Terminate com.loopa.app:8126
    t =     0.18s                 Interface orientation changed to Portrait
    t =     1.32s             Interface orientation changed to Landscape Left
    t =     1.32s             Setting up automation session
    t =     1.81s             Wait for com.loopa.app to idle
    t =     3.09s Waiting 5.0s for "recordButton" Button to exist
    t =     4.12s     Checking `Expect predicate `existsNoRetry == 1` for object "recordButton" Button`
    t =     4.12s         Checking existence of `"recordButton" Button`
    t =     4.19s Tap "recordButton" Button
    t =     4.19s     Wait for com.loopa.app to idle
    t =     4.20s     Find the "recordButton" Button
    t =     4.21s     Check for interrupting elements affecting "recordButton" Button
    t =     4.22s     Synthesize event
    t =     4.50s     Wait for com.loopa.app to idle
    t =     5.01s Tap "recordButton" Button
    t =     5.01s     Wait for com.loopa.app to idle
    t =     5.01s     Find the "recordButton" Button
    t =     5.02s     Check for interrupting elements affecting "recordButton" Button
    t =     5.03s     Synthesize event
    t =     5.31s     Wait for com.loopa.app to idle
    t =     5.62s Tap "playPauseButton" Button
    t =     5.63s     Wait for com.loopa.app to idle
    t =     5.63s     Find the "playPauseButton" Button
    t =     5.66s     Check for interrupting elements affecting "playPauseButton" Button
    t =     5.67s     Synthesize event
    t =     5.96s     Wait for com.loopa.app to idle
    t =     6.17s Find the "playPauseButton" Button
    t =     6.18s Tap "playPauseButton" Button
    t =     6.18s     Wait for com.loopa.app to idle
    t =     6.18s     Find the "playPauseButton" Button
    t =     6.19s     Check for interrupting elements affecting "playPauseButton" Button
    t =     6.21s     Synthesize event
    t =     6.50s     Wait for com.loopa.app to idle
    t =     6.71s Find the "playPauseButton" Button
    t =     6.74s Tap "playPauseButton" Button
    t =     6.74s     Wait for com.loopa.app to idle
    t =     6.74s     Find the "playPauseButton" Button
    t =     6.76s     Check for interrupting elements affecting "playPauseButton" Button
    t =     6.77s     Synthesize event
    t =     7.05s     Wait for com.loopa.app to idle
    t =     7.26s Find the "playPauseButton" Button
    t =     7.27s Tap "playPauseButton" Button
    t =     7.27s     Wait for com.loopa.app to idle
    t =     7.27s     Find the "playPauseButton" Button
    t =     7.29s     Check for interrupting elements affecting "playPauseButton" Button
    t =     7.30s     Synthesize event
    t =     7.58s     Wait for com.loopa.app to idle
    t =     7.79s Find the "playPauseButton" Button
    t =     7.83s Tap "playPauseButton" Button
    t =     7.83s     Wait for com.loopa.app to idle
    t =     7.83s     Find the "playPauseButton" Button
    t =     7.84s     Check for interrupting elements affecting "playPauseButton" Button
    t =     7.85s     Synthesize event
    t =     8.14s     Wait for com.loopa.app to idle
    t =     8.35s Find the "playPauseButton" Button
    t =     8.36s Tear Down
    t =     8.45s     Added attachment named 'failure_-[TransportRegressionTests testMultiplePauseResumeCycles]'
Test Case '-[LoopaUITests.TransportRegressionTests testMultiplePauseResumeCycles]' passed (8.673 seconds).
Test Case '-[LoopaUITests.TransportRegressionTests testPauseDoesNotRestart]' started.
    t =     0.00s Start Test at 2026-01-09 19:56:15.873
    t =     0.02s Set Up
    t =     0.02s     Open com.loopa.app
    t =     0.02s         Launch com.loopa.app
    t =     0.02s             Terminate com.loopa.app:8383
    t =     0.14s                 Interface orientation changed to Portrait
    t =     1.27s             Interface orientation changed to Landscape Left
    t =     1.28s             Setting up automation session
    t =     1.68s             Wait for com.loopa.app to idle
    t =     2.93s Waiting 5.0s for "recordButton" Button to exist
    t =     3.96s     Checking `Expect predicate `existsNoRetry == 1` for object "recordButton" Button`
    t =     3.96s         Checking existence of `"recordButton" Button`
    t =     4.03s Tap "recordButton" Button
    t =     4.03s     Wait for com.loopa.app to idle
    t =     4.03s     Find the "recordButton" Button
    t =     4.04s     Check for interrupting elements affecting "recordButton" Button
    t =     4.05s     Synthesize event
    t =     4.34s     Wait for com.loopa.app to idle
    t =     5.35s Tap "recordButton" Button
    t =     5.35s     Wait for com.loopa.app to idle
    t =     5.36s     Find the "recordButton" Button
    t =     5.38s     Check for interrupting elements affecting "recordButton" Button
    t =     5.39s     Synthesize event
    t =     5.68s     Wait for com.loopa.app to idle
    t =     6.49s Tap "playPauseButton" Button
    t =     6.49s     Wait for com.loopa.app to idle
    t =     6.49s     Find the "playPauseButton" Button
    t =     6.50s     Check for interrupting elements affecting "playPauseButton" Button
    t =     6.62s     Synthesize event
    t =     6.90s     Wait for com.loopa.app to idle
    t =     7.21s Tap "playPauseButton" Button
    t =     7.21s     Wait for com.loopa.app to idle
    t =     7.21s     Find the "playPauseButton" Button
    t =     7.22s     Check for interrupting elements affecting "playPauseButton" Button
    t =     7.24s     Synthesize event
    t =     7.53s     Wait for com.loopa.app to idle
    t =     7.83s Find the "playPauseButton" Button
    t =     7.86s Tear Down
    t =     7.97s     Added attachment named 'failure_-[TransportRegressionTests testPauseDoesNotRestart]'
Test Case '-[LoopaUITests.TransportRegressionTests testPauseDoesNotRestart]' passed (8.179 seconds).
Test Case '-[LoopaUITests.TransportRegressionTests testPlayPauseEnabledAfterRecording]' started.
    t =     0.00s Start Test at 2026-01-09 19:56:24.052
    t =     0.03s Set Up
    t =     0.03s     Open com.loopa.app
    t =     0.03s         Launch com.loopa.app
    t =     0.03s             Terminate com.loopa.app:8441
    t =     0.17s                 Interface orientation changed to Portrait
    t =     1.30s             Interface orientation changed to Landscape Left
    t =     1.30s             Setting up automation session
    t =     1.71s             Wait for com.loopa.app to idle
    t =     2.96s Waiting 5.0s for "recordButton" Button to exist
    t =     3.99s     Checking `Expect predicate `existsNoRetry == 1` for object "recordButton" Button`
    t =     3.99s         Checking existence of `"recordButton" Button`
    t =     4.06s Tap "recordButton" Button
    t =     4.06s     Wait for com.loopa.app to idle
    t =     4.06s     Find the "recordButton" Button
    t =     4.07s     Check for interrupting elements affecting "recordButton" Button
    t =     4.08s     Synthesize event
    t =     4.36s     Wait for com.loopa.app to idle
    t =     4.87s Tap "recordButton" Button
    t =     4.87s     Wait for com.loopa.app to idle
    t =     4.88s     Find the "recordButton" Button
    t =     4.91s     Check for interrupting elements affecting "recordButton" Button
    t =     4.92s     Synthesize event
    t =     5.21s     Wait for com.loopa.app to idle
    t =     5.52s Find the "playPauseButton" Button
    t =     5.55s Tear Down
    t =     5.66s     Added attachment named 'failure_-[TransportRegressionTests testPlayPauseEnabledAfterRecording]'
Test Case '-[LoopaUITests.TransportRegressionTests testPlayPauseEnabledAfterRecording]' passed (5.872 seconds).
Test Case '-[LoopaUITests.TransportRegressionTests testQuantizeAlwaysEnabled]' started.
    t =     0.00s Start Test at 2026-01-09 19:56:29.926
    t =     0.03s Set Up
    t =     0.03s     Open com.loopa.app
    t =     0.03s         Launch com.loopa.app
    t =     0.03s             Terminate com.loopa.app:8505
    t =     0.17s                 Interface orientation changed to Portrait
    t =     1.30s             Interface orientation changed to Landscape Left
    t =     1.30s             Setting up automation session
    t =     1.72s             Wait for com.loopa.app to idle
    t =     2.97s Waiting 5.0s for "quantizeButton" Button to exist
    t =     3.98s     Checking `Expect predicate `existsNoRetry == 1` for object "quantizeButton" Button`
    t =     3.98s         Checking existence of `"quantizeButton" Button`
    t =     4.05s Find the "quantizeButton" Button
    t =     4.06s Tap "quantizeButton" Button
    t =     4.06s     Wait for com.loopa.app to idle
    t =     4.06s     Find the "quantizeButton" Button
    t =     4.07s     Check for interrupting elements affecting "quantizeButton" Button
    t =     4.08s     Synthesize event
    t =     4.37s     Wait for com.loopa.app to idle
    t =     4.48s Tap "quantizeButton" Button
    t =     4.48s     Wait for com.loopa.app to idle
    t =     4.48s     Find the "quantizeButton" Button
    t =     4.51s     Check for interrupting elements affecting "quantizeButton" Button
    t =     4.52s     Synthesize event
    t =     4.81s     Wait for com.loopa.app to idle
    t =     4.92s Tap "quantizeButton" Button
    t =     4.92s     Wait for com.loopa.app to idle
    t =     4.92s     Find the "quantizeButton" Button
    t =     4.95s     Check for interrupting elements affecting "quantizeButton" Button
    t =     4.97s     Synthesize event
    t =     5.26s     Wait for com.loopa.app to idle
    t =     5.37s Tap "quantizeButton" Button
    t =     5.37s     Wait for com.loopa.app to idle
    t =     5.37s     Find the "quantizeButton" Button
    t =     5.40s     Check for interrupting elements affecting "quantizeButton" Button
    t =     5.42s     Synthesize event
    t =     5.70s     Wait for com.loopa.app to idle
    t =     5.81s Tap "quantizeButton" Button
    t =     5.81s     Wait for com.loopa.app to idle
    t =     5.82s     Find the "quantizeButton" Button
    t =     5.85s     Check for interrupting elements affecting "quantizeButton" Button
    t =     5.86s     Synthesize event
    t =     6.15s     Wait for com.loopa.app to idle
    t =     6.26s Find the "quantizeButton" Button
    t =     6.29s Tear Down
    t =     6.41s     Added attachment named 'failure_-[TransportRegressionTests testQuantizeAlwaysEnabled]'
Test Case '-[LoopaUITests.TransportRegressionTests testQuantizeAlwaysEnabled]' passed (6.623 seconds).
Test Case '-[LoopaUITests.TransportRegressionTests testRecordButtonWorksWithZeroTracks]' started.
    t =     0.00s Start Test at 2026-01-09 19:56:36.549
    t =     0.02s Set Up
    t =     0.02s     Open com.loopa.app
    t =     0.02s         Launch com.loopa.app
    t =     0.02s             Terminate com.loopa.app:8549
    t =     0.14s                 Interface orientation changed to Portrait
    t =     1.26s             Interface orientation changed to Landscape Left
    t =     1.26s             Setting up automation session
    t =     1.67s             Wait for com.loopa.app to idle
    t =     2.92s Waiting 5.0s for "recordButton" Button to exist
    t =     3.95s     Checking `Expect predicate `existsNoRetry == 1` for object "recordButton" Button`
    t =     3.95s         Checking existence of `"recordButton" Button`
    t =     4.02s Find the "recordButton" Button
    t =     4.03s Tap "recordButton" Button
    t =     4.03s     Wait for com.loopa.app to idle
    t =     4.03s     Find the "recordButton" Button
    t =     4.04s     Check for interrupting elements affecting "recordButton" Button
    t =     4.05s     Synthesize event
    t =     4.33s     Wait for com.loopa.app to idle
    t =     4.64s Checking existence of `"recordButton" Button`
    t =     4.67s Tear Down
    t =     4.78s     Added attachment named 'failure_-[TransportRegressionTests testRecordButtonWorksWithZeroTracks]'
Test Case '-[LoopaUITests.TransportRegressionTests testRecordButtonWorksWithZeroTracks]' passed (4.996 seconds).
Test Case '-[LoopaUITests.TransportRegressionTests testRestartEnabledAfterRecording]' started.
    t =     0.00s Start Test at 2026-01-09 19:56:41.546
    t =     0.03s Set Up
    t =     0.03s     Open com.loopa.app
    t =     0.03s         Launch com.loopa.app
    t =     0.03s             Terminate com.loopa.app:8598
    t =     0.17s                 Interface orientation changed to Portrait
    t =     1.28s             Interface orientation changed to Landscape Left
    t =     1.28s             Setting up automation session
    t =     1.69s             Wait for com.loopa.app to idle
    t =     2.95s Waiting 5.0s for "recordButton" Button to exist
    t =     3.96s     Checking `Expect predicate `existsNoRetry == 1` for object "recordButton" Button`
    t =     3.96s         Checking existence of `"recordButton" Button`
    t =     4.03s Tap "recordButton" Button
    t =     4.03s     Wait for com.loopa.app to idle
    t =     4.03s     Find the "recordButton" Button
    t =     4.04s     Check for interrupting elements affecting "recordButton" Button
    t =     4.05s     Synthesize event
    t =     4.34s     Wait for com.loopa.app to idle
    t =     7.35s Tap "recordButton" Button
    t =     7.35s     Wait for com.loopa.app to idle
    t =     7.35s     Find the "recordButton" Button
    t =     7.36s     Check for interrupting elements affecting "recordButton" Button
    t =     7.38s     Synthesize event
    t =     7.67s     Wait for com.loopa.app to idle
    t =     8.70s Checking `Expect predicate `isEnabled == 1` for object "restartButton" Button`
    t =     8.70s     Find the "restartButton" Button
    t =     8.74s Find the "restartButton" Button
    t =     8.75s Tear Down
    t =     8.85s     Added attachment named 'failure_-[TransportRegressionTests testRestartEnabledAfterRecording]'
Test Case '-[LoopaUITests.TransportRegressionTests testRestartEnabledAfterRecording]' passed (9.087 seconds).
Test Case '-[LoopaUITests.TransportRegressionTests testStoppingRecordDoesNotStopMusic]' started.
    t =     0.00s Start Test at 2026-01-09 19:56:50.633
    t =     0.03s Set Up
    t =     0.03s     Open com.loopa.app
    t =     0.03s         Launch com.loopa.app
    t =     0.03s             Terminate com.loopa.app:8635
    t =     0.17s                 Interface orientation changed to Portrait
    t =     1.29s             Interface orientation changed to Landscape Left
    t =     1.29s             Setting up automation session
    t =     1.70s             Wait for com.loopa.app to idle
    t =     2.95s Waiting 5.0s for "recordButton" Button to exist
    t =     3.96s     Checking `Expect predicate `existsNoRetry == 1` for object "recordButton" Button`
    t =     3.96s         Checking existence of `"recordButton" Button`
    t =     4.03s Tap "recordButton" Button
    t =     4.03s     Wait for com.loopa.app to idle
    t =     4.03s     Find the "recordButton" Button
    t =     4.04s     Check for interrupting elements affecting "recordButton" Button
    t =     4.05s     Synthesize event
    t =     4.34s     Wait for com.loopa.app to idle
    t =     4.85s Tap "recordButton" Button
    t =     4.85s     Wait for com.loopa.app to idle
    t =     4.86s     Find the "recordButton" Button
    t =     4.89s     Check for interrupting elements affecting "recordButton" Button
    t =     4.90s     Synthesize event
    t =     5.20s     Wait for com.loopa.app to idle
    t =     5.51s Find the "playPauseButton" Button
    t =     5.53s Tear Down
    t =     5.64s     Added attachment named 'failure_-[TransportRegressionTests testStoppingRecordDoesNotStopMusic]'
Test Case '-[LoopaUITests.TransportRegressionTests testStoppingRecordDoesNotStopMusic]' passed (5.876 seconds).
Test Suite 'TransportRegressionTests' passed at 2026-01-09 19:56:56.510.
	 Executed 8 tests, with 0 failures (0 unexpected) in 58.357 (58.361) seconds
Test Suite 'LoopaUITests.xctest' passed at 2026-01-09 19:56:56.510.
	 Executed 20 tests, with 0 failures (0 unexpected) in 140.006 (140.022) seconds
Test Suite 'All tests' passed at 2026-01-09 19:56:56.511.
	 Executed 20 tests, with 0 failures (0 unexpected) in 140.006 (140.023) seconds
2026-01-09 19:56:56.863 xcodebuild[7419:13512897] [MT] IDETestOperationsObserverDebug: 142.248 elapsed -- Testing started completed.
2026-01-09 19:56:56.863 xcodebuild[7419:13512897] [MT] IDETestOperationsObserverDebug: 0.000 sec, +0.000 sec -- start
2026-01-09 19:56:56.863 xcodebuild[7419:13512897] [MT] IDETestOperationsObserverDebug: 142.248 sec, +142.248 sec -- end

Test session results, code coverage, and logs:
	/Users/tish/Documents/white iverson/Tish88/TestResults.xcresult

** TEST SUCCEEDED **

Testing started
